Component: ARM Compiler 5.06 update 2 (build 183) Tool: armlink [4d35b7]

==============================================================================

Section Cross References

    startup_stm32f40xx.o(RESET) refers to startup_stm32f40xx.o(STACK) for __initial_sp
    startup_stm32f40xx.o(RESET) refers to startup_stm32f40xx.o(.text) for Reset_Handler
    startup_stm32f40xx.o(RESET) refers to stm32f4xx_it.o(i.NMI_Handler) for NMI_Handler
    startup_stm32f40xx.o(RESET) refers to stm32f4xx_it.o(i.HardFault_Handler) for HardFault_Handler
    startup_stm32f40xx.o(RESET) refers to stm32f4xx_it.o(i.MemManage_Handler) for MemManage_Handler
    startup_stm32f40xx.o(RESET) refers to stm32f4xx_it.o(i.BusFault_Handler) for BusFault_Handler
    startup_stm32f40xx.o(RESET) refers to stm32f4xx_it.o(i.UsageFault_Handler) for UsageFault_Handler
    startup_stm32f40xx.o(RESET) refers to stm32f4xx_it.o(i.SVC_Handler) for SVC_Handler
    startup_stm32f40xx.o(RESET) refers to stm32f4xx_it.o(i.DebugMon_Handler) for DebugMon_Handler
    startup_stm32f40xx.o(RESET) refers to stm32f4xx_it.o(i.PendSV_Handler) for PendSV_Handler
    startup_stm32f40xx.o(RESET) refers to stm32f4xx_it.o(i.SysTick_Handler) for SysTick_Handler
    startup_stm32f40xx.o(RESET) refers to stm32f4xx_it.o(i.TIM1_BRK_TIM9_IRQHandler) for TIM1_BRK_TIM9_IRQHandler
    startup_stm32f40xx.o(RESET) refers to stm32f4xx_it.o(i.USART1_IRQHandler) for USART1_IRQHandler
    startup_stm32f40xx.o(RESET) refers to stm32f4xx_it.o(i.TIM8_UP_TIM13_IRQHandler) for TIM8_UP_TIM13_IRQHandler
    startup_stm32f40xx.o(.text) refers to system_stm32f4xx.o(i.SystemInit) for SystemInit
    startup_stm32f40xx.o(.text) refers to entry.o(.ARM.Collect$$$$00000000) for __main
    main.o(i.SYSTEM_Init) refers to tim.o(i.IC_TIM_Init) for IC_TIM_Init
    main.o(i.SYSTEM_Init) refers to tim.o(i.General_TIM_Init) for General_TIM_Init
    main.o(i.SYSTEM_Init) refers to led.o(i.LED_GPIO_Conf) for LED_GPIO_Conf
    main.o(i.SYSTEM_Init) refers to usart.o(i.USART_User_Init) for USART_User_Init
    main.o(i.SYSTEM_Init) refers to w25q16.o(i.W25Q16_SPI_Conf) for W25Q16_SPI_Conf
    main.o(i.SYSTEM_Init) refers to ili9341.o(i.ILI9341_Init) for ILI9341_Init
    main.o(i.SYSTEM_Init) refers to tsc2046.o(i.TSC2046_SoftSPI_GPIO_Conf) for TSC2046_SoftSPI_GPIO_Conf
    main.o(i.SYSTEM_Init) refers to iic.o(i.IIC_CONF) for IIC_CONF
    main.o(i.SYSTEM_Init) refers to mpu9250.o(i.MPU9250_Init) for MPU9250_Init
    main.o(i.SYSTEM_Init) refers to tcs3472.o(i.TCS3472_Init) for TCS3472_Init
    main.o(i.SYSTEM_Init) refers to max6675.o(i.MAX6675_SPI_Conf) for MAX6675_SPI_Conf
    main.o(i.SYSTEM_Init) refers to rtc.o(i.RTC_UserInit) for RTC_UserInit
    main.o(i.main) refers to main.o(i.SYSTEM_Init) for SYSTEM_Init
    main.o(i.main) refers to mpu9250.o(i.MPU9250_Offset) for MPU9250_Offset
    main.o(i.main) refers to mpu9250.o(i.MPU9250_Get_Angle) for MPU9250_Get_Angle
    main.o(i.main) refers to dfixi.o(.text) for __aeabi_d2iz
    main.o(i.main) refers to d2f.o(.text) for __aeabi_d2f
    main.o(i.main) refers to host.o(i.HOST_Send_float) for HOST_Send_float
    main.o(i.main) refers to f2d.o(.text) for __aeabi_f2d
    main.o(i.main) refers to cos.o(i.__hardfp_cos) for __hardfp_cos
    main.o(i.main) refers to dmul.o(.text) for __aeabi_dmul
    main.o(i.main) refers to dadd.o(.text) for __aeabi_dadd
    main.o(i.main) refers to dfixui.o(.text) for __aeabi_d2uiz
    main.o(i.main) refers to sin.o(i.__hardfp_sin) for __hardfp_sin
    main.o(i.main) refers to ili9341.o(i.ILI9341_Drew_Rec) for ILI9341_Drew_Rec
    main.o(i.main) refers to ili9341.o(i.ILI9341_Drew_Line) for ILI9341_Drew_Line
    main.o(i.main) refers to printfa.o(i.__0sprintf) for __2sprintf
    main.o(i.main) refers to ili9341.o(i.ILI9341_Line_Print) for ILI9341_Line_Print
    main.o(i.main) refers to cdrcmple.o(.text) for __aeabi_cdrcmple
    main.o(i.main) refers to ili9341.o(i.ILI9341_Print_Str) for ILI9341_Print_Str
    main.o(i.main) refers to tim.o(i.General_TIM_Delay_ms) for General_TIM_Delay_ms
    main.o(i.main) refers to ili9341.o(i.ILI9341_Next_Win) for ILI9341_Next_Win
    main.o(i.main) refers to cdcmple.o(.text) for __aeabi_cdcmple
    main.o(i.main) refers to ili9341.o(i.ILI9341_Last_Win) for ILI9341_Last_Win
    main.o(i.main) refers to hx1838.o(i.HX1838_REC_Data) for HX1838_REC_Data
    main.o(i.main) refers to hx1838.o(i.HX1838_Deal_Data) for HX1838_Deal_Data
    main.o(i.main) refers to ili9341.o(i.ILI9431_Drew_All_Bak) for ILI9431_Drew_All_Bak
    main.o(i.main) refers to main.o(.bss) for MPUANG
    main.o(i.main) refers to main.o(.data) for ang
    main.o(i.main) refers to stm32f4xx_it.o(.data) for IC_Stase
    main.o(i.main) refers to dht12.o(i.DHT12_Read_) for DHT12_Read_
    main.o(i.main) refers to dht12.o(i.DHT12_Deal_Tem_Hum) for DHT12_Deal_Tem_Hum
    main.o(i.main) refers to stm32f4xx_gpio.o(i.GPIO_ReadInputDataBit) for GPIO_ReadInputDataBit
[...]
    i.I2C_Write_Byte                         0x080012d8   Section        0  iic.o(i.I2C_Write_Byte)
    i.IC_TIM_Conf                            0x08001340   Section        0  tim.o(i.IC_TIM_Conf)
    i.IC_TIM_GPIO_Conf                       0x0800139c   Section        0  tim.o(i.IC_TIM_GPIO_Conf)
    i.IC_TIM_Init                            0x080013d8   Section        0  tim.o(i.IC_TIM_Init)
    i.IC_TIM_NVIC_Conf                       0x08001408   Section        0  tim.o(i.IC_TIM_NVIC_Conf)
    i.IIC_CONF                               0x08001430   Section        0  iic.o(i.IIC_CONF)
    i.ILI9341_BackLight                      0x0800149c   Section        0  ili9341.o(i.ILI9341_BackLight)
    i.ILI9341_Default                        0x080014c0   Section        0  ili9341.o(i.ILI9341_Default)
    i.ILI9341_Delay                          0x08001770   Section        0  ili9341.o(i.ILI9341_Delay)
    i.ILI9341_Draw_Point                     0x0800177c   Section        0  ili9341.o(i.ILI9341_Draw_Point)
    i.ILI9341_Drew_Line                      0x080017a4   Section        0  ili9341.o(i.ILI9341_Drew_Line)
    i.ILI9341_Drew_Rec                       0x08001898   Section        0  ili9341.o(i.ILI9341_Drew_Rec)
    i.ILI9341_GPIO_Conf                      0x080018e0   Section        0  ili9341.o(i.ILI9341_GPIO_Conf)
    i.ILI9341_Init                           0x08001914   Section        0  ili9341.o(i.ILI9341_Init)
    i.ILI9341_Last_Win                       0x08001930   Section        0  ili9341.o(i.ILI9341_Last_Win)
    i.ILI9341_Line_Print                     0x08001968   Section        0  ili9341.o(i.ILI9341_Line_Print)
    i.ILI9341_Next_Win                       0x08001980   Section        0  ili9341.o(i.ILI9341_Next_Win)
    i.ILI9341_Open_Windows                   0x080019b8   Section        0  ili9341.o(i.ILI9341_Open_Windows)
    i.ILI9341_Print_ASChar                   0x080019fe   Section        0  ili9341.o(i.ILI9341_Print_ASChar)
    i.ILI9341_Print_GBChar                   0x08001aae   Section        0  ili9341.o(i.ILI9341_Print_GBChar)
    i.ILI9341_Print_Str                      0x08001ba0   Section        0  ili9341.o(i.ILI9341_Print_Str)
    i.ILI9341_Write_Command                  0x08001c44   Section        0  ili9341.o(i.ILI9341_Write_Command)
    i.ILI9341_Write_Data                     0x08001c4c   Section        0  ili9341.o(i.ILI9341_Write_Data)
    i.ILI9431_Drew_All_Bak                   0x08001c58   Section        0  ili9341.o(i.ILI9431_Drew_All_Bak)
    i.LED1_ON                                0x08001c6c   Section        0  led.o(i.LED1_ON)
    i.LED2_ON                                0x08001c80   Section        0  led.o(i.LED2_ON)
    i.LED_GPIO_Conf                          0x08001c94   Section        0  led.o(i.LED_GPIO_Conf)
    i.LED_OFF                                0x08001cfc   Section        0  led.o(i.LED_OFF)
    i.LED_ON_OFF                             0x08001d18   Section        0  led.o(i.LED_ON_OFF)
    i.MAX6675_AVE                            0x08001d34   Section        0  max6675.o(i.MAX6675_AVE)
    i.MAX6675_DealData                       0x08001da4   Section        0  max6675.o(i.MAX6675_DealData)
    i.MAX6675_ReadData                       0x08001dfc   Section        0  max6675.o(i.MAX6675_ReadData)
    i.MAX6675_SPI_Conf                       0x08001e20   Section        0  max6675.o(i.MAX6675_SPI_Conf)
    i.MAX6675_SPI_GPIO_Conf                  0x08001e80   Section        0  max6675.o(i.MAX6675_SPI_GPIO_Conf)
    i.MAX6675_SPI_Read_Write                 0x08001f20   Section        0  max6675.o(i.MAX6675_SPI_Read_Write)
    i.MPU9250_Cal_Accel                      0x08001f58   Section        0  mpu9250.o(i.MPU9250_Cal_Accel)
    i.MPU9250_Get_Angle                      0x08001f7c   Section        0  mpu9250.o(i.MPU9250_Get_Angle)
    i.MPU9250_Init                           0x08002008   Section        0  mpu9250.o(i.MPU9250_Init)
    i.MPU9250_Offset                         0x08002034   Section        0  mpu9250.o(i.MPU9250_Offset)
    i.MPU9250_Read                           0x08002098   Section        0  mpu9250.o(i.MPU9250_Read)
    i.MPU9250_Write                          0x08002104   Section        0  mpu9250.o(i.MPU9250_Write)
    i.MPU9250_Write_Byte                     0x0800215a   Section        0  mpu9250.o(i.MPU9250_Write_Byte)
    i.MPU9250_filter                         0x0800216c   Section        0  mpu9250.o(i.MPU9250_filter)
    i.MemManage_Handler                      0x080021c0   Section        0  stm32f4xx_it.o(i.MemManage_Handler)
    i.NAsk_Signal                            0x080021c8   Section        0  iic.o(i.NAsk_Signal)
    i.NMI_Handler                            0x08002200   Section        0  stm32f4xx_it.o(i.NMI_Handler)
    i.NVIC_Init                              0x08002208   Section        0  misc.o(i.NVIC_Init)
    i.NVIC_PriorityGroupConfig               0x08002280   Section        0  misc.o(i.NVIC_PriorityGroupConfig)
    i.PWR_BackupAccessCmd                    0x08002294   Section        0  stm32f4xx_pwr.o(i.PWR_BackupAccessCmd)
    i.PendSV_Handler                         0x080022a0   Section        0  stm32f4xx_it.o(i.PendSV_Handler)
    i.RCC_AHB1PeriphClockCmd                 0x080022a8   Section        0  stm32f4xx_rcc.o(i.RCC_AHB1PeriphClockCmd)
    i.RCC_AHB3PeriphClockCmd                 0x080022c8   Section        0  stm32f4xx_rcc.o(i.RCC_AHB3PeriphClockCmd)
    i.RCC_APB1PeriphClockCmd                 0x080022e8   Section        0  stm32f4xx_rcc.o(i.RCC_APB1PeriphClockCmd)
    i.RCC_APB2PeriphClockCmd                 0x08002308   Section        0  stm32f4xx_rcc.o(i.RCC_APB2PeriphClockCmd)
    i.RCC_GetClocksFreq                      0x08002328   Section        0  stm32f4xx_rcc.o(i.RCC_GetClocksFreq)
    i.RCC_GetFlagStatus                      0x08002410   Section        0  stm32f4xx_rcc.o(i.RCC_GetFlagStatus)
    i.RCC_LSEConfig                          0x08002450   Section        0  stm32f4xx_rcc.o(i.RCC_LSEConfig)
    i.RCC_RTCCLKCmd                          0x0800247c   Section        0  stm32f4xx_rcc.o(i.RCC_RTCCLKCmd)
    i.RCC_RTCCLKConfig                       0x08002488   Section        0  stm32f4xx_rcc.o(i.RCC_RTCCLKConfig)
    i.RGB888ToRGB565                         0x080024c4   Section        0  ili9341.o(i.RGB888ToRGB565)
    i.RTC_Bcd2ToByte                         0x080024e2   Section        0  stm32f4xx_rtc.o(i.RTC_Bcd2ToByte)
    RTC_Bcd2ToByte                           0x080024e3   Thumb Code    22  stm32f4xx_rtc.o(i.RTC_Bcd2ToByte)
    i.RTC_ByteToBcd2                         0x080024f8   Section        0  stm32f4xx_rtc.o(i.RTC_ByteToBcd2)
    RTC_ByteToBcd2                           0x080024f9   Thumb Code    28  stm32f4xx_rtc.o(i.RTC_ByteToBcd2)
    i.RTC_Conf                               0x08002514   Section        0  rtc.o(i.RTC_Conf)
    i.RTC_EnterInitMode                      0x0800255c   Section        0  stm32f4xx_rtc.o(i.RTC_EnterInitMode)
    i.RTC_ExitInitMode                       0x080025ac   Section        0  stm32f4xx_rtc.o(i.RTC_ExitInitMode)
    i.RTC_GetDate                            0x080025c0   Section        0  stm32f4xx_rtc.o(i.RTC_GetDate)
    i.RTC_GetTime                            0x0800260c   Section        0  stm32f4xx_rtc.o(i.RTC_GetTime)
    i.RTC_Init                               0x0800265c   Section        0  stm32f4xx_rtc.o(i.RTC_Init)
    i.RTC_ReadBackupRegister                 0x080026c0   Section        0  stm32f4xx_rtc.o(i.RTC_ReadBackupRegister)
    i.RTC_SetDate                            0x080026e0   Section        0  stm32f4xx_rtc.o(i.RTC_SetDate)
    i.RTC_SetTime                            0x080027a8   Section        0  stm32f4xx_rtc.o(i.RTC_SetTime)
    i.RTC_Set_Time                           0x08002878   Section        0  rtc.o(i.RTC_Set_Time)
    i.RTC_UserInit                           0x080028c6   Section        0  rtc.o(i.RTC_UserInit)
    i.RTC_WaitForSynchro                     0x08002918   Section        0  stm32f4xx_rtc.o(i.RTC_WaitForSynchro)
    i.RTC_WriteBackupRegister                0x08002978   Section        0  stm32f4xx_rtc.o(i.RTC_WriteBackupRegister)
    i.SPI_Cmd                                0x08002994   Section        0  stm32f4xx_spi.o(i.SPI_Cmd)
    i.SPI_I2S_GetFlagStatus                  0x080029ac   Section        0  stm32f4xx_spi.o(i.SPI_I2S_GetFlagStatus)
    i.SPI_I2S_ReceiveData                    0x080029be   Section        0  stm32f4xx_spi.o(i.SPI_I2S_ReceiveData)
    i.SPI_I2S_SendData                       0x080029c4   Section        0  stm32f4xx_spi.o(i.SPI_I2S_SendData)
    i.SPI_Init                               0x080029c8   Section        0  stm32f4xx_spi.o(i.SPI_Init)
    i.SVC_Handler                            0x08002a04   Section        0  stm32f4xx_it.o(i.SVC_Handler)
    i.SYSTEM_Init                            0x08002a0c   Section        0  main.o(i.SYSTEM_Init)
    i.SetSysClock                            0x08002a40   Section        0  system_stm32f4xx.o(i.SetSysClock)
    SetSysClock                              0x08002a41   Thumb Code   220  system_stm32f4xx.o(i.SetSysClock)
    i.Start_Signal                           0x08002b2c   Section        0  iic.o(i.Start_Signal)
    i.Stop_Signal                            0x08002b64   Section        0  iic.o(i.Stop_Signal)
    i.SysTick_Handler                        0x08002b9c   Section        0  stm32f4xx_it.o(i.SysTick_Handler)
    i.SystemInit                             0x08002ba4   Section        0  system_stm32f4xx.o(i.SystemInit)
    i.TCS3472_Enable                         0x08002c0c   Section        0  tcs3472.o(i.TCS3472_Enable)
    i.TCS3472_Get_Conv_Status                0x08002c32   Section        0  tcs3472.o(i.TCS3472_Get_Conv_Status)
    i.TCS3472_Init                           0x08002c54   Section        0  tcs3472.o(i.TCS3472_Init)
    i.TCS3472_Read_                          0x08002c6e   Section        0  tcs3472.o(i.TCS3472_Read_)
    i.TCS3472_Read_Deal                      0x08002cdc   Section        0  tcs3472.o(i.TCS3472_Read_Deal)
    i.TCS3472_Read_RGBData                   0x08002df4   Section        0  tcs3472.o(i.TCS3472_Read_RGBData)
    i.TCS3472_Set_AGAIN                      0x08002e4c   Section        0  tcs3472.o(i.TCS3472_Set_AGAIN)
    i.TCS3472_Set_ATIME                      0x08002e5a   Section        0  tcs3472.o(i.TCS3472_Set_ATIME)
    i.TCS3472_Set_WTIME                      0x08002e68   Section        0  tcs3472.o(i.TCS3472_Set_WTIME)
    i.TCS3472_Write_                         0x08002e76   Section        0  tcs3472.o(i.TCS3472_Write_)
    i.TI1_Config                             0x08002eca   Section        0  stm32f4xx_tim.o(i.TI1_Config)
    TI1_Config                               0x08002ecb   Thumb Code    58  stm32f4xx_tim.o(i.TI1_Config)
    i.TI2_Config                             0x08002f04   Section        0  stm32f4xx_tim.o(i.TI2_Config)
    TI2_Config                               0x08002f05   Thumb Code    80  stm32f4xx_tim.o(i.TI2_Config)
    i.TI3_Config                             0x08002f54   Section        0  stm32f4xx_tim.o(i.TI3_Config)
    TI3_Config                               0x08002f55   Thumb Code    72  stm32f4xx_tim.o(i.TI3_Config)
    i.TI4_Config                             0x08002f9c   Section        0  stm32f4xx_tim.o(i.TI4_Config)
    TI4_Config                               0x08002f9d   Thumb Code    80  stm32f4xx_tim.o(i.TI4_Config)
    i.TIM1_BRK_TIM9_IRQHandler               0x08002fec   Section        0  stm32f4xx_it.o(i.TIM1_BRK_TIM9_IRQHandler)
    i.TIM8_UP_TIM13_IRQHandler               0x080030e4   Section        0  stm32f4xx_it.o(i.TIM8_UP_TIM13_IRQHandler)
    i.TIM_ClearITPendingBit                  0x08003198   Section        0  stm32f4xx_tim.o(i.TIM_ClearITPendingBit)
    i.TIM_Cmd                                0x0800319e   Section        0  stm32f4xx_tim.o(i.TIM_Cmd)
    i.TIM_GetCapture1                        0x080031b6   Section        0  stm32f4xx_tim.o(i.TIM_GetCapture1)
    i.TIM_GetITStatus                        0x080031bc   Section        0  stm32f4xx_tim.o(i.TIM_GetITStatus)
    i.TIM_ICInit                             0x080031de   Section        0  stm32f4xx_tim.o(i.TIM_ICInit)
    i.TIM_ITConfig                           0x0800324c   Section        0  stm32f4xx_tim.o(i.TIM_ITConfig)
    i.TIM_OC1PolarityConfig                  0x0800325e   Section        0  stm32f4xx_tim.o(i.TIM_OC1PolarityConfig)
    i.TIM_SetCounter                         0x08003270   Section        0  stm32f4xx_tim.o(i.TIM_SetCounter)
    i.TIM_SetIC1Prescaler                    0x08003274   Section        0  stm32f4xx_tim.o(i.TIM_SetIC1Prescaler)
    i.TIM_SetIC2Prescaler                    0x08003286   Section        0  stm32f4xx_tim.o(i.TIM_SetIC2Prescaler)
    i.TIM_SetIC3Prescaler                    0x080032a0   Section        0  stm32f4xx_tim.o(i.TIM_SetIC3Prescaler)
    i.TIM_SetIC4Prescaler                    0x080032b2   Section        0  stm32f4xx_tim.o(i.TIM_SetIC4Prescaler)
    i.TIM_TimeBaseInit                       0x080032cc   Section        0  stm32f4xx_tim.o(i.TIM_TimeBaseInit)
    i.TSC2046_Applic                         0x08003350   Section        0  tsc2046.o(i.TSC2046_Applic)
    i.TSC2046_Ave_Value                      0x080034ac   Section        0  tsc2046.o(i.TSC2046_Ave_Value)
    i.TSC2046_Calculate_XY                   0x08003550   Section        0  tsc2046.o(i.TSC2046_Calculate_XY)
    i.TSC2046_DelayUS                        0x08003610   Section        0  tsc2046.o(i.TSC2046_DelayUS)
    TSC2046_DelayUS                          0x08003611   Thumb Code    28  tsc2046.o(i.TSC2046_DelayUS)
    i.TSC2046_SoftSPI_GPIO_Conf              0x0800362c   Section        0  tsc2046.o(i.TSC2046_SoftSPI_GPIO_Conf)
    i.TSC2046_Write_Read                     0x080036e4   Section        0  tsc2046.o(i.TSC2046_Write_Read)
    i.USART1_IRQHandler                      0x080037f8   Section        0  stm32f4xx_it.o(i.USART1_IRQHandler)
    i.USART_ClearFlag                        0x080037fa   Section        0  stm32f4xx_usart.o(i.USART_ClearFlag)
    i.USART_Cmd                              0x0800380c   Section        0  stm32f4xx_usart.o(i.USART_Cmd)
    i.USART_Conf                             0x08003824   Section        0  usart.o(i.USART_Conf)
    i.USART_GPIO_Conf                        0x0800385c   Section        0  usart.o(i.USART_GPIO_Conf)
    i.USART_GetFlagStatus                    0x080038cc   Section        0  stm32f4xx_usart.o(i.USART_GetFlagStatus)
    i.USART_Init                             0x080038e8   Section        0  stm32f4xx_usart.o(i.USART_Init)
    i.USART_SendData                         0x080039bc   Section        0  stm32f4xx_usart.o(i.USART_SendData)
    i.USART_Send_Byte                        0x080039c4   Section        0  usart.o(i.USART_Send_Byte)
    i.USART_Send_NByte                       0x080039e4   Section        0  usart.o(i.USART_Send_NByte)
    i.USART_User_Init                        0x08003a00   Section        0  usart.o(i.USART_User_Init)
    i.UsageFault_Handler                     0x08003a20   Section        0  stm32f4xx_it.o(i.UsageFault_Handler)
    i.W25Q16_GPIO_Conf                       0x08003a28   Section        0  w25q16.o(i.W25Q16_GPIO_Conf)
    W25Q16_GPIO_Conf                         0x08003a29   Thumb Code   188  w25q16.o(i.W25Q16_GPIO_Conf)
    i.W25Q16_Read_Byte                       0x08003ae8   Section        0  w25q16.o(i.W25Q16_Read_Byte)
    i.W25Q16_Read_Write                      0x08003b58   Section        0  w25q16.o(i.W25Q16_Read_Write)
    W25Q16_Read_Write                        0x08003b59   Thumb Code    52  w25q16.o(i.W25Q16_Read_Write)
    i.W25Q16_SPI_Conf                        0x08003b90   Section        0  w25q16.o(i.W25Q16_SPI_Conf)
    i.W25Q16_Sector_Erase                    0x08003c00   Section        0  w25q16.o(i.W25Q16_Sector_Erase)
    i.W25Q16_Wait                            0x08003c5c   Section        0  w25q16.o(i.W25Q16_Wait)
    W25Q16_Wait                              0x08003c5d   Thumb Code    50  w25q16.o(i.W25Q16_Wait)
    i.W25Q16_Write_Byte                      0x08003c94   Section        0  w25q16.o(i.W25Q16_Write_Byte)
    i.W25Q16_Write_Enable                    0x08003d08   Section        0  w25q16.o(i.W25Q16_Write_Enable)
    W25Q16_Write_Enable                      0x08003d09   Thumb Code    34  w25q16.o(i.W25Q16_Write_Enable)
    i.Wait_Ask                               0x08003d30   Section        0  iic.o(i.Wait_Ask)
    i.__0printf                              0x08003d7c   Section        0  printfa.o(i.__0printf)
    i.__0sprintf                             0x08003d9c   Section        0  printfa.o(i.__0sprintf)
    i.__ARM_fpclassify                       0x08003dc4   Section        0  fpclassify.o(i.__ARM_fpclassify)
    i.__hardfp_asin                          0x08003df8   Section        0  asin.o(i.__hardfp_asin)
    i.__hardfp_cos                           0x08004158   Section        0  cos.o(i.__hardfp_cos)
    i.__hardfp_sin                           0x08004220   Section        0  sin.o(i.__hardfp_sin)
    i.__ieee754_rem_pio2                     0x080042e8   Section        0  rred.o(i.__ieee754_rem_pio2)
    i.__kernel_cos                           0x08004720   Section        0  cos_i.o(i.__kernel_cos)
    i.__kernel_poly                          0x08004890   Section        0  poly.o(i.__kernel_poly)
    i.__kernel_sin                           0x08004988   Section        0  sin_i.o(i.__kernel_sin)
    i.__mathlib_dbl_infnan                   0x08004ab8   Section        0  dunder.o(i.__mathlib_dbl_infnan)
    i.__mathlib_dbl_invalid                  0x08004ad0   Section        0  dunder.o(i.__mathlib_dbl_invalid)
    i.__mathlib_dbl_underflow                0x08004af0   Section        0  dunder.o(i.__mathlib_dbl_underflow)
    i.__scatterload_copy                     0x08004b10   Section       14  handlers.o(i.__scatterload_copy)
    i.__scatterload_null                     0x08004b1e   Section        2  handlers.o(i.__scatterload_null)
    i.__scatterload_zeroinit                 0x08004b20   Section       14  handlers.o(i.__scatterload_zeroinit)
    i.__set_errno                            0x08004b30   Section        0  errno.o(i.__set_errno)
    i._fp_digits                             0x08004b3c   Section        0  printfa.o(i._fp_digits)
    _fp_digits                               0x08004b3d   Thumb Code   334  printfa.o(i._fp_digits)
    i._printf_core                           0x08004ca0   Section        0  printfa.o(i._printf_core)
    _printf_core                             0x08004ca1   Thumb Code  1744  printfa.o(i._printf_core)
    i._printf_post_padding                   0x0800537c   Section        0  printfa.o(i._printf_post_padding)
    _printf_post_padding                     0x0800537d   Thumb Code    36  printfa.o(i._printf_post_padding)
    i._printf_pre_padding                    0x080053a0   Section        0  printfa.o(i._printf_pre_padding)
    _printf_pre_padding                      0x080053a1   Thumb Code    46  printfa.o(i._printf_pre_padding)
    i._sputc                                 0x080053ce   Section        0  printfa.o(i._sputc)
    _sputc                                   0x080053cf   Thumb Code    10  printfa.o(i._sputc)
    i.fabs                                   0x080053d8   Section        0  fabs.o(i.fabs)
    i.fputc                                  0x080053f0   Section        0  inoutput.o(i.fputc)
    i.i2c_Delay                              0x0800541c   Section        0  iic.o(i.i2c_Delay)
    i.i2c_Long_Delay                         0x0800542a   Section        0  iic.o(i.i2c_Long_Delay)
    i.main                                   0x08005440   Section        0  main.o(i.main)
    i.sqrt                                   0x0800658c   Section        0  sqrt.o(i.sqrt)
    .constdata                               0x08006600   Section       80  asin.o(.constdata)
    pS                                       0x08006600   Data          48  asin.o(.constdata)
    qS                                       0x08006630   Data          32  asin.o(.constdata)
    .constdata                               0x08006650   Section       48  cos_i.o(.constdata)
    C                                        0x08006650   Data          48  cos_i.o(.constdata)
    .constdata                               0x08006680   Section      200  rred.o(.constdata)
    pio2s                                    0x08006680   Data          48  rred.o(.constdata)
    twooverpi                                0x080066b0   Data         152  rred.o(.constdata)
    .constdata                               0x08006748   Section       40  sin_i.o(.constdata)
    S                                        0x08006748   Data          40  sin_i.o(.constdata)
    .conststring                             0x08006770   Section       67  main.o(.conststring)
    .data                                    0x20000000   Section       66  main.o(.data)
    .data                                    0x20000044   Section       16  stm32f4xx_it.o(.data)
    .data                                    0x20000054   Section        1  mpu9250.o(.data)
    .data                                    0x20000055   Section       16  stm32f4xx_rcc.o(.data)
    APBAHBPrescTable                         0x20000055   Data          16  stm32f4xx_rcc.o(.data)
    .data                                    0x20000068   Section        4  stdout.o(.data)
    .data                                    0x2000006c   Section        4  errno.o(.data)
    _errno                                   0x2000006c   Data           4  errno.o(.data)
    .bss                                     0x20000070   Section       64  main.o(.bss)
    .bss                                     0x200000b0   Section       18  mpu9250.o(.bss)
    STACK                                    0x200000c8   Section     1024  startup_stm32f40xx.o(STACK)

    Global Symbols

    Symbol Name                              Value     Ov Type        Size  Object(Section)

    BuildAttributes$$THM_ISAv4$E$P$D$K$B$S$7EM$VFPi3$EXTD16$VFPS$VFMA$PE$A:L22UL41UL21$X:L11$S22US41US21$IEEE1$IW$USESV6$~STKCKD$USESV7$~SHL$OTIME$ROPI$IEEEX$EBA8$MICROLIB$REQ8$PRES8$EABIv2 0x00000000   Number         0  anon$$obj.o ABSOLUTE
    __ARM_use_no_argv                        0x00000000   Number         0  main.o ABSOLUTE
    _printf_a                                0x00000000   Number         0  stubs.o ABSOLUTE
    _printf_c                                0x00000000   Number         0  stubs.o ABSOLUTE
    _printf_charcount                        0x00000000   Number         0  stubs.o ABSOLUTE
    _printf_d                                0x00000000   Number         0  stubs.o ABSOLUTE
    _printf_e                                0x00000000   Number         0  stubs.o ABSOLUTE
    _printf_f                                0x00000000   Number         0  stubs.o ABSOLUTE
    _printf_flags                            0x00000000   Number         0  stubs.o ABSOLUTE
    _printf_fp_dec                           0x00000000   Number         0  stubs.o ABSOLUTE
    _printf_fp_hex                           0x00000000   Number         0  stubs.o ABSOLUTE
    _printf_g                                0x00000000   Number         0  stubs.o ABSOLUTE
    _printf_i                                0x00000000   Number         0  stubs.o ABSOLUTE
    _printf_int_dec                          0x00000000   Number         0  stubs.o ABSOLUTE
    _printf_l                                0x00000000   Number         0  stubs.o ABSOLUTE
    _printf_lc                               0x00000000   Number         0  stubs.o ABSOLUTE
    _printf_ll                               0x00000000   Number         0  stubs.o ABSOLUTE
    _printf_lld                              0x00000000   Number         0  stubs.o ABSOLUTE
    _printf_lli                              0x00000000   Number         0  stubs.o ABSOLUTE
    _printf_llo                              0x00000000   Number         0  stubs.o ABSOLUTE
    _printf_llu                              0x00000000   Number         0  stubs.o ABSOLUTE
    _printf_llx                              0x00000000   Number         0  stubs.o ABSOLUTE
    _printf_longlong_dec                     0x00000000   Number         0  stubs.o ABSOLUTE
    _printf_longlong_hex                     0x00000000   Number         0  stubs.o ABSOLUTE
    _printf_longlong_oct                     0x00000000   Number         0  stubs.o ABSOLUTE
    _printf_ls                               0x00000000   Number         0  stubs.o ABSOLUTE
    _printf_mbtowc                           0x00000000   Number         0  stubs.o ABSOLUTE
    _printf_n                                0x00000000   Number         0  stubs.o ABSOLUTE
    _printf_o                                0x00000000   Number         0  stubs.o ABSOLUTE
    _printf_p                                0x00000000   Number         0  stubs.o ABSOLUTE
    _printf_percent                          0x00000000   Number         0  stubs.o ABSOLUTE
    _printf_pre_padding                      0x00000000   Number         0  stubs.o ABSOLUTE
    _printf_return_value                     0x00000000   Number         0  stubs.o ABSOLUTE
    _printf_s                                0x00000000   Number         0  stubs.o ABSOLUTE
    _printf_sizespec                         0x00000000   Number         0  stubs.o ABSOLUTE
    _printf_str                              0x00000000   Number         0  stubs.o ABSOLUTE
    _printf_truncate_signed                  0x00000000   Number         0  stubs.o ABSOLUTE
    _printf_truncate_unsigned                0x00000000   Number         0  stubs.o ABSOLUTE
    _printf_u                                0x00000000   Number         0  stubs.o ABSOLUTE
    _printf_wc                               0x00000000   Number         0  stubs.o ABSOLUTE
    _printf_wctomb                           0x00000000   Number         0  stubs.o ABSOLUTE
    _printf_widthprec                        0x00000000   Number         0  stubs.o ABSOLUTE
    _printf_x                                0x00000000   Number         0  stubs.o ABSOLUTE
    __cpp_initialize__aeabi_                  - Undefined Weak Reference
    __cxa_finalize                            - Undefined Weak Reference
    __decompress                              - Undefined Weak Reference
    _clock_init                               - Undefined Weak Reference
    _microlib_exit                            - Undefined Weak Reference
    __Vectors_Size                           0x00000188   Number         0  startup_stm32f40xx.o ABSOLUTE
    __Vectors                                0x08000000   Data           4  startup_stm32f40xx.o(RESET)
    __Vectors_End                            0x08000188   Data           0  startup_stm32f40xx.o(RESET)
    __main                                   0x08000189   Thumb Code     0  entry.o(.ARM.Collect$$$$00000000)
    _main_stk                                0x08000189   Thumb Code     0  entry2.o(.ARM.Collect$$$$00000001)
    _main_scatterload                        0x0800018d   Thumb Code     0  entry5.o(.ARM.Collect$$$$00000004)
    __main_after_scatterload                 0x08000191   Thumb Code     0  entry5.o(.ARM.Collect$$$$00000004)
    _main_clock                              0x08000191   Thumb Code     0  entry7b.o(.ARM.Collect$$$$00000008)
    _main_cpp_init                           0x08000191   Thumb Code     0  entry8b.o(.ARM.Collect$$$$0000000A)
    _main_init                               0x08000191   Thumb Code     0  entry9a.o(.ARM.Collect$$$$0000000B)
    __rt_final_cpp                           0x08000199   Thumb Code     0  entry10a.o(.ARM.Collect$$$$0000000D)
    __rt_final_exit                          0x08000199   Thumb Code     0  entry11a.o(.ARM.Collect$$$$0000000F)
    Reset_Handler                            0x0800019d   Thumb Code     8  startup_stm32f40xx.o(.text)
    ADC_IRQHandler                           0x080001b7   Thumb Code     0  startup_stm32f40xx.o(.text)
    CAN1_RX0_IRQHandler                      0x080001b7   Thumb Code     0  startup_stm32f40xx.o(.text)
    CAN1_RX1_IRQHandler                      0x080001b7   Thumb Code     0  startup_stm32f40xx.o(.text)
    CAN1_SCE_IRQHandler                      0x080001b7   Thumb Code     0  startup_stm32f40xx.o(.text)
    CAN1_TX_IRQHandler                       0x080001b7   Thumb Code     0  startup_stm32f40xx.o(.text)
    CAN2_RX0_IRQHandler                      0x080001b7   Thumb Code     0  startup_stm32f40xx.o(.text)
    CAN2_RX1_IRQHandler                      0x080001b7   Thumb Code     0  startup_stm32f40xx.o(.text)
    CAN2_SCE_IRQHandler                      0x080001b7   Thumb Code     0  startup_stm32f40xx.o(.text)
    CAN2_TX_IRQHandler                       0x080001b7   Thumb Code     0  startup_stm32f40xx.o(.text)
    CRYP_IRQHandler                          0x080001b7   Thumb Code     0  startup_stm32f40xx.o(.text)
    DCMI_IRQHandler                          0x080001b7   Thumb Code     0  startup_stm32f40xx.o(.text)
    DMA1_Stream0_IRQHandler                  0x080001b7   Thumb Code     0  startup_stm32f40xx.o(.text)
    DMA1_Stream1_IRQHandler                  0x080001b7   Thumb Code     0  startup_stm32f40xx.o(.text)
    DMA1_Stream2_IRQHandler                  0x080001b7   Thumb Code     0  startup_stm32f40xx.o(.text)
    DMA1_Stream3_IRQHandler                  0x080001b7   Thumb Code     0  startup_stm32f40xx.o(.text)
    DMA1_Stream4_IRQHandler                  0x080001b7   Thumb Code     0  startup_stm32f40xx.o(.text)
    DMA1_Stream5_IRQHandler                  0x080001b7   Thumb Code     0  startup_stm32f40xx.o(.text)
    DMA1_Stream6_IRQHandler                  0x080001b7   Thumb Code     0  startup_stm32f40xx.o(.text)
    DMA1_Stream7_IRQHandler                  0x080001b7   Thumb Code     0  startup_stm32f40xx.o(.text)
    DMA2_Stream0_IRQHandler                  0x080001b7   Thumb Code     0  startup_stm32f40xx.o(.text)
    DMA2_Stream1_IRQHandler                  0x080001b7   Thumb Code     0  startup_stm32f40xx.o(.text)
    DMA2_Stream2_IRQHandler                  0x080001b7   Thumb Code     0  startup_stm32f40xx.o(.text)
    DMA2_Stream3_IRQHandler                  0x080001b7   Thumb Code     0  startup_stm32f40xx.o(.text)
    DMA2_Stream4_IRQHandler                  0x080001b7   Thumb Code     0  startup_stm32f40xx.o(.text)
    DMA2_Stream5_IRQHandler                  0x080001b7   Thumb Code     0  startup_stm32f40xx.o(.text)
    DMA2_Stream6_IRQHandler                  0x080001b7   Thumb Code     0  startup_stm32f40xx.o(.text)
    DMA2_Stream7_IRQHandler                  0x080001b7   Thumb Code     0  startup_stm32f40xx.o(.text)
    ETH_IRQHandler                           0x080001b7   Thumb Code     0  startup_stm32f40xx.o(.text)
    ETH_WKUP_IRQHandler                      0x080001b7   Thumb Code     0  startup_stm32f40xx.o(.text)
    EXTI0_IRQHandler                         0x080001b7   Thumb Code     0  startup_stm32f40xx.o(.text)
    EXTI15_10_IRQHandler                     0x080001b7   Thumb Code     0  startup_stm32f40xx.o(.text)
    EXTI1_IRQHandler                         0x080001b7   Thumb Code     0  startup_stm32f40xx.o(.text)
    EXTI2_IRQHandler                         0x080001b7   Thumb Code     0  startup_stm32f40xx.o(.text)
    EXTI3_IRQHandler                         0x080001b7   Thumb Code     0  startup_stm32f40xx.o(.text)
    EXTI4_IRQHandler                         0x080001b7   Thumb Code     0  startup_stm32f40xx.o(.text)
    EXTI9_5_IRQHandler                       0x080001b7   Thumb Code     0  startup_stm32f40xx.o(.text)
    FLASH_IRQHandler                         0x080001b7   Thumb Code     0  startup_stm32f40xx.o(.text)
    FPU_IRQHandler                           0x080001b7   Thumb Code     0  startup_stm32f40xx.o(.text)
    FSMC_IRQHandler                          0x080001b7   Thumb Code     0  startup_stm32f40xx.o(.text)
    HASH_RNG_IRQHandler                      0x080001b7   Thumb Code     0  startup_stm32f40xx.o(.text)
    I2C1_ER_IRQHandler                       0x080001b7   Thumb Code     0  startup_stm32f40xx.o(.text)
    I2C1_EV_IRQHandler                       0x080001b7   Thumb Code     0  startup_stm32f40xx.o(.text)
    I2C2_ER_IRQHandler                       0x080001b7   Thumb Code     0  startup_stm32f40xx.o(.text)
    I2C2_EV_IRQHandler                       0x080001b7   Thumb Code     0  startup_stm32f40xx.o(.text)
    I2C3_ER_IRQHandler                       0x080001b7   Thumb Code     0  startup_stm32f40xx.o(.text)
    I2C3_EV_IRQHandler                       0x080001b7   Thumb Code     0  startup_stm32f40xx.o(.text)
    OTG_FS_IRQHandler                        0x080001b7   Thumb Code     0  startup_stm32f40xx.o(.text)
    OTG_FS_WKUP_IRQHandler                   0x080001b7   Thumb Code     0  startup_stm32f40xx.o(.text)
    OTG_HS_EP1_IN_IRQHandler                 0x080001b7   Thumb Code     0  startup_stm32f40xx.o(.text)
    OTG_HS_EP1_OUT_IRQHandler                0x080001b7   Thumb Code     0  startup_stm32f40xx.o(.text)
    OTG_HS_IRQHandler                        0x080001b7   Thumb Code     0  startup_stm32f40xx.o(.text)
    OTG_HS_WKUP_IRQHandler                   0x080001b7   Thumb Code     0  startup_stm32f40xx.o(.text)
    PVD_IRQHandler                           0x080001b7   Thumb Code     0  startup_stm32f40xx.o(.text)
    RCC_IRQHandler                           0x080001b7   Thumb Code     0  startup_stm32f40xx.o(.text)
    RTC_Alarm_IRQHandler                     0x080001b7   Thumb Code     0  startup_stm32f40xx.o(.text)
    RTC_WKUP_IRQHandler                      0x080001b7   Thumb Code     0  startup_stm32f40xx.o(.text)
    SDIO_IRQHandler                          0x080001b7   Thumb Code     0  startup_stm32f40xx.o(.text)
    SPI1_IRQHandler                          0x080001b7   Thumb Code     0  startup_stm32f40xx.o(.text)
    SPI2_IRQHandler                          0x080001b7   Thumb Code     0  startup_stm32f40xx.o(.text)
    SPI3_IRQHandler                          0x080001b7   Thumb Code     0  startup_stm32f40xx.o(.text)
    TAMP_STAMP_IRQHandler                    0x080001b7   Thumb Code     0  startup_stm32f40xx.o(.text)
    TIM1_CC_IRQHandler                       0x080001b7   Thumb Code     0  startup_stm32f40xx.o(.text)
    TIM1_TRG_COM_TIM11_IRQHandler            0x080001b7   Thumb Code     0  startup_stm32f40xx.o(.text)
    TIM1_UP_TIM10_IRQHandler                 0x080001b7   Thumb Code     0  startup_stm32f40xx.o(.text)
    TIM2_IRQHandler                          0x080001b7   Thumb Code     0  startup_stm32f40xx.o(.text)
    TIM3_IRQHandler                          0x080001b7   Thumb Code     0  startup_stm32f40xx.o(.text)
    TIM4_IRQHandler                          0x080001b7   Thumb Code     0  startup_stm32f40xx.o(.text)
    TIM5_IRQHandler                          0x080001b7   Thumb Code     0  startup_stm32f40xx.o(.text)
    TIM6_DAC_IRQHandler                      0x080001b7   Thumb Code     0  startup_stm32f40xx.o(.text)
    TIM7_IRQHandler                          0x080001b7   Thumb Code     0  startup_stm32f40xx.o(.text)
    TIM8_BRK_TIM12_IRQHandler                0x080001b7   Thumb Code     0  startup_stm32f40xx.o(.text)
    TIM8_CC_IRQHandler                       0x080001b7   Thumb Code     0  startup_stm32f40xx.o(.text)
    TIM8_TRG_COM_TIM14_IRQHandler            0x080001b7   Thumb Code     0  startup_stm32f40xx.o(.text)
    UART4_IRQHandler                         0x080001b7   Thumb Code     0  startup_stm32f40xx.o(.text)
    UART5_IRQHandler                         0x080001b7   Thumb Code     0  startup_stm32f40xx.o(.text)
    USART2_IRQHandler                        0x080001b7   Thumb Code     0  startup_stm32f40xx.o(.text)
    USART3_IRQHandler                        0x080001b7   Thumb Code     0  startup_stm32f40xx.o(.text)
    USART6_IRQHandler                        0x080001b7   Thumb Code     0  startup_stm32f40xx.o(.text)
    WWDG_IRQHandler                          0x080001b7   Thumb Code     0  startup_stm32f40xx.o(.text)
    __aeabi_memset                           0x080001c1   Thumb Code    14  memseta.o(.text)
    __aeabi_memset4                          0x080001c1   Thumb Code     0  memseta.o(.text)
    __aeabi_memset8                          0x080001c1   Thumb Code     0  memseta.o(.text)
    __aeabi_memclr                           0x080001cf   Thumb Code     4  memseta.o(.text)
    __aeabi_memclr4                          0x080001cf   Thumb Code     0  memseta.o(.text)
    __aeabi_memclr8                          0x080001cf   Thumb Code     0  memseta.o(.text)
    _memset$wrapper                          0x080001d3   Thumb Code    18  memseta.o(.text)
    __aeabi_dadd                             0x080001e5   Thumb Code   322  dadd.o(.text)
    __aeabi_dsub                             0x08000327   Thumb Code     6  dadd.o(.text)
    __aeabi_drsub                            0x0800032d   Thumb Code     6  dadd.o(.text)
    __aeabi_dmul                             0x08000333   Thumb Code   228  dmul.o(.text)
    __aeabi_ddiv                             0x08000417   Thumb Code   222  ddiv.o(.text)
    __aeabi_i2d                              0x080004f5   Thumb Code    34  dflti.o(.text)
    __aeabi_ui2d                             0x08000517   Thumb Code    26  dfltui.o(.text)
    __aeabi_d2iz                             0x08000531   Thumb Code    62  dfixi.o(.text)
    __aeabi_d2uiz                            0x0800056f   Thumb Code    50  dfixui.o(.text)
    __aeabi_f2d                              0x080005a1   Thumb Code    38  f2d.o(.text)
    __aeabi_cdcmpeq                          0x080005c9   Thumb Code     0  cdcmple.o(.text)
    __aeabi_cdcmple                          0x080005c9   Thumb Code    48  cdcmple.o(.text)
    __aeabi_cdrcmple                         0x080005f9   Thumb Code    48  cdrcmple.o(.text)
    __aeabi_d2f                              0x08000629   Thumb Code    56  d2f.o(.text)
    __aeabi_uidiv                            0x08000661   Thumb Code     0  uidiv.o(.text)
    __aeabi_uidivmod                         0x08000661   Thumb Code    44  uidiv.o(.text)
    __aeabi_uldivmod                         0x0800068d   Thumb Code    98  uldiv.o(.text)
    __aeabi_llsl                             0x080006ef   Thumb Code    30  llshl.o(.text)
    _ll_shift_l                              0x080006ef   Thumb Code     0  llshl.o(.text)
    __aeabi_llsr                             0x0800070d   Thumb Code    32  llushr.o(.text)
    _ll_ushift_r                             0x0800070d   Thumb Code     0  llushr.o(.text)
    __aeabi_lasr                             0x0800072d   Thumb Code    36  llsshr.o(.text)
    _ll_sshift_r                             0x0800072d   Thumb Code     0  llsshr.o(.text)
    __I$use$fp                               0x08000751   Thumb Code     0  iusefp.o(.text)
    _float_round                             0x08000751   Thumb Code    18  fepilogue.o(.text)
    _float_epilogue                          0x08000763   Thumb Code    92  fepilogue.o(.text)
    _double_round                            0x080007bf   Thumb Code    30  depilogue.o(.text)
    _double_epilogue                         0x080007dd   Thumb Code   156  depilogue.o(.text)
    __aeabi_d2ulz                            0x08000879   Thumb Code    48  dfixul.o(.text)
    __scatterload                            0x080008a9   Thumb Code    28  init.o(.text)
    __scatterload_rt2                        0x080008a9   Thumb Code     0  init.o(.text)
    _dsqrt                                   0x080008cd   Thumb Code   162  dsqrt.o(.text)
    Ask_Signal                               0x08000971   Thumb Code    62  iic.o(i.Ask_Signal)
    BusFault_Handler                         0x080009b5   Thumb Code     8  stm32f4xx_it.o(i.BusFault_Handler)
    DHT12_Deal_Tem_Hum                       0x080009bd   Thumb Code   196  dht12.o(i.DHT12_Deal_Tem_Hum)
    DHT12_Read_                              0x08000a85   Thumb Code    98  dht12.o(i.DHT12_Read_)
    DebugMon_Handler                         0x08000ae7   Thumb Code     8  stm32f4xx_it.o(i.DebugMon_Handler)
    FSMC_Conf                                0x08000aef   Thumb Code   102  fsmc.o(i.FSMC_Conf)
    FSMC_GPIO_Conf                           0x08000b55   Thumb Code   504  fsmc.o(i.FSMC_GPIO_Conf)
    FSMC_NORSRAMCmd                          0x08000d5d   Thumb Code    46  stm32f4xx_fsmc.o(i.FSMC_NORSRAMCmd)
    FSMC_NORSRAMInit                         0x08000d91   Thumb Code   282  stm32f4xx_fsmc.o(i.FSMC_NORSRAMInit)
    GPIO_Init                                0x08000eb5   Thumb Code   144  stm32f4xx_gpio.o(i.GPIO_Init)
    GPIO_PinAFConfig                         0x08000f45   Thumb Code    70  stm32f4xx_gpio.o(i.GPIO_PinAFConfig)
    GPIO_ReadInputDataBit                    0x08000f8b   Thumb Code    18  stm32f4xx_gpio.o(i.GPIO_ReadInputDataBit)
    GPIO_ResetBits                           0x08000f9d   Thumb Code     4  stm32f4xx_gpio.o(i.GPIO_ResetBits)
    GPIO_SetBits                             0x08000fa1   Thumb Code     4  stm32f4xx_gpio.o(i.GPIO_SetBits)
    General_TIM_Conf                         0x08000fa5   Thumb Code    46  tim.o(i.General_TIM_Conf)
    General_TIM_Delay_ms                     0x08000fd9   Thumb Code    18  tim.o(i.General_TIM_Delay_ms)
    General_TIM_Init                         0x08000ff1   Thumb Code    38  tim.o(i.General_TIM_Init)
    General_TIM_NVIC_Conf                    0x0800101d   Thumb Code    42  tim.o(i.General_TIM_NVIC_Conf)
    HOST_Send_32bit                          0x08001047   Thumb Code   158  host.o(i.HOST_Send_32bit)
    HOST_Send_float                          0x080010e5   Thumb Code   152  host.o(i.HOST_Send_float)
    HX1838_Deal_Data                         0x0800117d   Thumb Code    88  hx1838.o(i.HX1838_Deal_Data)
    HX1838_REC_Data                          0x080011d5   Thumb Code    76  hx1838.o(i.HX1838_REC_Data)
    HardFault_Handler                        0x0800122d   Thumb Code     8  stm32f4xx_it.o(i.HardFault_Handler)
    I2C_Read_Byte                            0x08001235   Thumb Code    76  iic.o(i.I2C_Read_Byte)
    I2C_SDA_IN                               0x08001285   Thumb Code    34  iic.o(i.I2C_SDA_IN)
    I2C_SDA_OUT                              0x080012ad   Thumb Code    40  iic.o(i.I2C_SDA_OUT)
    I2C_Write_Byte                           0x080012d9   Thumb Code   100  iic.o(i.I2C_Write_Byte)
    IC_TIM_Conf                              0x08001341   Thumb Code    88  tim.o(i.IC_TIM_Conf)
    IC_TIM_GPIO_Conf                         0x0800139d   Thumb Code    56  tim.o(i.IC_TIM_GPIO_Conf)
    IC_TIM_Init                              0x080013d9   Thumb Code    42  tim.o(i.IC_TIM_Init)
    IC_TIM_NVIC_Conf                         0x08001409   Thumb Code    40  tim.o(i.IC_TIM_NVIC_Conf)
    IIC_CONF                                 0x08001431   Thumb Code   102  iic.o(i.IIC_CONF)
    ILI9341_BackLight                        0x0800149d   Thumb Code    32  ili9341.o(i.ILI9341_BackLight)
    ILI9341_Default                          0x080014c1   Thumb Code   684  ili9341.o(i.ILI9341_Default)
    ILI9341_Delay                            0x08001771   Thumb Code    12  ili9341.o(i.ILI9341_Delay)
    ILI9341_Draw_Point                       0x0800177d   Thumb Code    38  ili9341.o(i.ILI9341_Draw_Point)
    ILI9341_Drew_Line                        0x080017a5   Thumb Code   238  ili9341.o(i.ILI9341_Drew_Line)
    ILI9341_Drew_Rec                         0x08001899   Thumb Code    70  ili9341.o(i.ILI9341_Drew_Rec)
    ILI9341_GPIO_Conf                        0x080018e1   Thumb Code    48  ili9341.o(i.ILI9341_GPIO_Conf)
    ILI9341_Init                             0x08001915   Thumb Code    26  ili9341.o(i.ILI9341_Init)
    ILI9341_Last_Win                         0x08001931   Thumb Code    44  ili9341.o(i.ILI9341_Last_Win)
    ILI9341_Line_Print                       0x08001969   Thumb Code    22  ili9341.o(i.ILI9341_Line_Print)
    ILI9341_Next_Win                         0x08001981   Thumb Code    44  ili9341.o(i.ILI9341_Next_Win)
    ILI9341_Open_Windows                     0x080019b9   Thumb Code    70  ili9341.o(i.ILI9341_Open_Windows)
    ILI9341_Print_ASChar                     0x080019ff   Thumb Code   176  ili9341.o(i.ILI9341_Print_ASChar)
    ILI9341_Print_GBChar                     0x08001aaf   Thumb Code   240  ili9341.o(i.ILI9341_Print_GBChar)
    ILI9341_Print_Str                        0x08001ba1   Thumb Code   156  ili9341.o(i.ILI9341_Print_Str)
    ILI9341_Write_Command                    0x08001c45   Thumb Code     8  ili9341.o(i.ILI9341_Write_Command)
    ILI9341_Write_Data                       0x08001c4d   Thumb Code     6  ili9341.o(i.ILI9341_Write_Data)
    ILI9431_Drew_All_Bak                     0x08001c59   Thumb Code    20  ili9341.o(i.ILI9431_Drew_All_Bak)
    LED1_ON                                  0x08001c6d   Thumb Code    14  led.o(i.LED1_ON)
    LED2_ON                                  0x08001c81   Thumb Code    14  led.o(i.LED2_ON)
    LED_GPIO_Conf                            0x08001c95   Thumb Code   100  led.o(i.LED_GPIO_Conf)
    LED_OFF                                  0x08001cfd   Thumb Code    24  led.o(i.LED_OFF)
    LED_ON_OFF                               0x08001d19   Thumb Code    28  led.o(i.LED_ON_OFF)
    MAX6675_AVE                              0x08001d35   Thumb Code   112  max6675.o(i.MAX6675_AVE)
    MAX6675_DealData                         0x08001da5   Thumb Code    72  max6675.o(i.MAX6675_DealData)
    MAX6675_ReadData                         0x08001dfd   Thumb Code    32  max6675.o(i.MAX6675_ReadData)
    MAX6675_SPI_Conf                         0x08001e21   Thumb Code    92  max6675.o(i.MAX6675_SPI_Conf)
    MAX6675_SPI_GPIO_Conf                    0x08001e81   Thumb Code   150  max6675.o(i.MAX6675_SPI_GPIO_Conf)
    MAX6675_SPI_Read_Write                   0x08001f21   Thumb Code    52  max6675.o(i.MAX6675_SPI_Read_Write)
    MPU9250_Cal_Accel                        0x08001f59   Thumb Code    36  mpu9250.o(i.MPU9250_Cal_Accel)
    MPU9250_Get_Angle                        0x08001f7d   Thumb Code   118  mpu9250.o(i.MPU9250_Get_Angle)
    MPU9250_Init                             0x08002009   Thumb Code    44  mpu9250.o(i.MPU9250_Init)
    MPU9250_Offset                           0x08002035   Thumb Code    78  mpu9250.o(i.MPU9250_Offset)
    MPU9250_Read                             0x08002099   Thumb Code   108  mpu9250.o(i.MPU9250_Read)
    MPU9250_Write                            0x08002105   Thumb Code    86  mpu9250.o(i.MPU9250_Write)
    MPU9250_Write_Byte                       0x0800215b   Thumb Code    16  mpu9250.o(i.MPU9250_Write_Byte)
    MPU9250_filter                           0x0800216d   Thumb Code    76  mpu9250.o(i.MPU9250_filter)
    MemManage_Handler                        0x080021c1   Thumb Code     8  stm32f4xx_it.o(i.MemManage_Handler)
    NAsk_Signal                              0x080021c9   Thumb Code    52  iic.o(i.NAsk_Signal)
    NMI_Handler                              0x08002201   Thumb Code     8  stm32f4xx_it.o(i.NMI_Handler)
    NVIC_Init                                0x08002209   Thumb Code   106  misc.o(i.NVIC_Init)
    NVIC_PriorityGroupConfig                 0x08002281   Thumb Code    10  misc.o(i.NVIC_PriorityGroupConfig)
    PWR_BackupAccessCmd                      0x08002295   Thumb Code     6  stm32f4xx_pwr.o(i.PWR_BackupAccessCmd)
    PendSV_Handler                           0x080022a1   Thumb Code     8  stm32f4xx_it.o(i.PendSV_Handler)
    RCC_AHB1PeriphClockCmd                   0x080022a9   Thumb Code    26  stm32f4xx_rcc.o(i.RCC_AHB1PeriphClockCmd)
    RCC_AHB3PeriphClockCmd                   0x080022c9   Thumb Code    26  stm32f4xx_rcc.o(i.RCC_AHB3PeriphClockCmd)
    RCC_APB1PeriphClockCmd                   0x080022e9   Thumb Code    26  stm32f4xx_rcc.o(i.RCC_APB1PeriphClockCmd)
    RCC_APB2PeriphClockCmd                   0x08002309   Thumb Code    26  stm32f4xx_rcc.o(i.RCC_APB2PeriphClockCmd)
    RCC_GetClocksFreq                        0x08002329   Thumb Code   214  stm32f4xx_rcc.o(i.RCC_GetClocksFreq)
    RCC_GetFlagStatus                        0x08002411   Thumb Code    60  stm32f4xx_rcc.o(i.RCC_GetFlagStatus)
    RCC_LSEConfig                            0x08002451   Thumb Code    40  stm32f4xx_rcc.o(i.RCC_LSEConfig)
    RCC_RTCCLKCmd                            0x0800247d   Thumb Code     6  stm32f4xx_rcc.o(i.RCC_RTCCLKCmd)
    RCC_RTCCLKConfig                         0x08002489   Thumb Code    50  stm32f4xx_rcc.o(i.RCC_RTCCLKConfig)
    RGB888ToRGB565                           0x080024c5   Thumb Code    30  ili9341.o(i.RGB888ToRGB565)
    RTC_Conf                                 0x08002515   Thumb Code    72  rtc.o(i.RTC_Conf)
    RTC_EnterInitMode                        0x0800255d   Thumb Code    76  stm32f4xx_rtc.o(i.RTC_EnterInitMode)
    RTC_ExitInitMode                         0x080025ad   Thumb Code    14  stm32f4xx_rtc.o(i.RTC_ExitInitMode)
    RTC_GetDate                              0x080025c1   Thumb Code    68  stm32f4xx_rtc.o(i.RTC_GetDate)
    RTC_GetTime                              0x0800260d   Thumb Code    72  stm32f4xx_rtc.o(i.RTC_GetTime)
    RTC_Init                                 0x0800265d   Thumb Code    94  stm32f4xx_rtc.o(i.RTC_Init)
    RTC_ReadBackupRegister                   0x080026c1   Thumb Code    26  stm32f4xx_rtc.o(i.RTC_ReadBackupRegister)
    RTC_SetDate                              0x080026e1   Thumb Code   190  stm32f4xx_rtc.o(i.RTC_SetDate)
    RTC_SetTime                              0x080027a9   Thumb Code   198  stm32f4xx_rtc.o(i.RTC_SetTime)
    RTC_Set_Time                             0x08002879   Thumb Code    78  rtc.o(i.RTC_Set_Time)
    RTC_UserInit                             0x080028c7   Thumb Code    82  rtc.o(i.RTC_UserInit)
    RTC_WaitForSynchro                       0x08002919   Thumb Code    92  stm32f4xx_rtc.o(i.RTC_WaitForSynchro)
    RTC_WriteBackupRegister                  0x08002979   Thumb Code    24  stm32f4xx_rtc.o(i.RTC_WriteBackupRegister)
    SPI_Cmd                                  0x08002995   Thumb Code    24  stm32f4xx_spi.o(i.SPI_Cmd)
    SPI_I2S_GetFlagStatus                    0x080029ad   Thumb Code    18  stm32f4xx_spi.o(i.SPI_I2S_GetFlagStatus)
    SPI_I2S_ReceiveData                      0x080029bf   Thumb Code     6  stm32f4xx_spi.o(i.SPI_I2S_ReceiveData)
    SPI_I2S_SendData                         0x080029c5   Thumb Code     4  stm32f4xx_spi.o(i.SPI_I2S_SendData)
    SPI_Init                                 0x080029c9   Thumb Code    60  stm32f4xx_spi.o(i.SPI_Init)
    SVC_Handler                              0x08002a05   Thumb Code     8  stm32f4xx_it.o(i.SVC_Handler)
    SYSTEM_Init                              0x08002a0d   Thumb Code    52  main.o(i.SYSTEM_Init)
    Start_Signal                             0x08002b2d   Thumb Code    52  iic.o(i.Start_Signal)
    Stop_Signal                              0x08002b65   Thumb Code    52  iic.o(i.Stop_Signal)
    SysTick_Handler                          0x08002b9d   Thumb Code     8  stm32f4xx_it.o(i.SysTick_Handler)
    SystemInit                               0x08002ba5   Thumb Code    88  system_stm32f4xx.o(i.SystemInit)
    TCS3472_Enable                           0x08002c0d   Thumb Code    38  tcs3472.o(i.TCS3472_Enable)
    TCS3472_Get_Conv_Status                  0x08002c33   Thumb Code    34  tcs3472.o(i.TCS3472_Get_Conv_Status)
    TCS3472_Init                             0x08002c55   Thumb Code    26  tcs3472.o(i.TCS3472_Init)
    TCS3472_Read_                            0x08002c6f   Thumb Code   110  tcs3472.o(i.TCS3472_Read_)
    TCS3472_Read_Deal                        0x08002cdd   Thumb Code   270  tcs3472.o(i.TCS3472_Read_Deal)
    TCS3472_Read_RGBData                     0x08002df5   Thumb Code    88  tcs3472.o(i.TCS3472_Read_RGBData)
    TCS3472_Set_AGAIN                        0x08002e4d   Thumb Code    14  tcs3472.o(i.TCS3472_Set_AGAIN)
    TCS3472_Set_ATIME                        0x08002e5b   Thumb Code    14  tcs3472.o(i.TCS3472_Set_ATIME)
    TCS3472_Set_WTIME                        0x08002e69   Thumb Code    14  tcs3472.o(i.TCS3472_Set_WTIME)
    TCS3472_Write_                           0x08002e77   Thumb Code    84  tcs3472.o(i.TCS3472_Write_)
    TIM1_BRK_TIM9_IRQHandler                 0x08002fed   Thumb Code   222  stm32f4xx_it.o(i.TIM1_BRK_TIM9_IRQHandler)
    TIM8_UP_TIM13_IRQHandler                 0x080030e5   Thumb Code   164  stm32f4xx_it.o(i.TIM8_UP_TIM13_IRQHandler)
    TIM_ClearITPendingBit                    0x08003199   Thumb Code     6  stm32f4xx_tim.o(i.TIM_ClearITPendingBit)
    TIM_Cmd                                  0x0800319f   Thumb Code    24  stm32f4xx_tim.o(i.TIM_Cmd)
    TIM_GetCapture1                          0x080031b7   Thumb Code     6  stm32f4xx_tim.o(i.TIM_GetCapture1)
    TIM_GetITStatus                          0x080031bd   Thumb Code    34  stm32f4xx_tim.o(i.TIM_GetITStatus)
    TIM_ICInit                               0x080031df   Thumb Code   110  stm32f4xx_tim.o(i.TIM_ICInit)
    TIM_ITConfig                             0x0800324d   Thumb Code    18  stm32f4xx_tim.o(i.TIM_ITConfig)
    TIM_OC1PolarityConfig                    0x0800325f   Thumb Code    18  stm32f4xx_tim.o(i.TIM_OC1PolarityConfig)
    TIM_SetCounter                           0x08003271   Thumb Code     4  stm32f4xx_tim.o(i.TIM_SetCounter)
    TIM_SetIC1Prescaler                      0x08003275   Thumb Code    18  stm32f4xx_tim.o(i.TIM_SetIC1Prescaler)
    TIM_SetIC2Prescaler                      0x08003287   Thumb Code    26  stm32f4xx_tim.o(i.TIM_SetIC2Prescaler)
    TIM_SetIC3Prescaler                      0x080032a1   Thumb Code    18  stm32f4xx_tim.o(i.TIM_SetIC3Prescaler)
    TIM_SetIC4Prescaler                      0x080032b3   Thumb Code    26  stm32f4xx_tim.o(i.TIM_SetIC4Prescaler)
    TIM_TimeBaseInit                         0x080032cd   Thumb Code   104  stm32f4xx_tim.o(i.TIM_TimeBaseInit)
    TSC2046_Applic                           0x08003351   Thumb Code   338  tsc2046.o(i.TSC2046_Applic)
    TSC2046_Ave_Value                        0x080034ad   Thumb Code   138  tsc2046.o(i.TSC2046_Ave_Value)
    TSC2046_Calculate_XY                     0x08003551   Thumb Code   174  tsc2046.o(i.TSC2046_Calculate_XY)
    TSC2046_SoftSPI_GPIO_Conf                0x0800362d   Thumb Code   170  tsc2046.o(i.TSC2046_SoftSPI_GPIO_Conf)
    TSC2046_Write_Read                       0x080036e5   Thumb Code   262  tsc2046.o(i.TSC2046_Write_Read)
    USART1_IRQHandler                        0x080037f9   Thumb Code     2  stm32f4xx_it.o(i.USART1_IRQHandler)
    USART_ClearFlag                          0x080037fb   Thumb Code    18  stm32f4xx_usart.o(i.USART_ClearFlag)
    USART_Cmd                                0x0800380d   Thumb Code    24  stm32f4xx_usart.o(i.USART_Cmd)
    USART_Conf                               0x08003825   Thumb Code    52  usart.o(i.USART_Conf)
    USART_GPIO_Conf                          0x0800385d   Thumb Code   108  usart.o(i.USART_GPIO_Conf)
    USART_GetFlagStatus                      0x080038cd   Thumb Code    26  stm32f4xx_usart.o(i.USART_GetFlagStatus)
    USART_Init                               0x080038e9   Thumb Code   204  stm32f4xx_usart.o(i.USART_Init)
    USART_SendData                           0x080039bd   Thumb Code     8  stm32f4xx_usart.o(i.USART_SendData)
    USART_Send_Byte                          0x080039c5   Thumb Code    28  usart.o(i.USART_Send_Byte)
    USART_Send_NByte                         0x080039e5   Thumb Code    28  usart.o(i.USART_Send_NByte)
    USART_User_Init                          0x08003a01   Thumb Code    28  usart.o(i.USART_User_Init)
    UsageFault_Handler                       0x08003a21   Thumb Code     8  stm32f4xx_it.o(i.UsageFault_Handler)
    W25Q16_Read_Byte                         0x08003ae9   Thumb Code   106  w25q16.o(i.W25Q16_Read_Byte)
    W25Q16_SPI_Conf                          0x08003b91   Thumb Code   104  w25q16.o(i.W25Q16_SPI_Conf)
    W25Q16_Sector_Erase                      0x08003c01   Thumb Code    86  w25q16.o(i.W25Q16_Sector_Erase)
    W25Q16_Write_Byte                        0x08003c95   Thumb Code   112  w25q16.o(i.W25Q16_Write_Byte)
    Wait_Ask                                 0x08003d31   Thumb Code    70  iic.o(i.Wait_Ask)
    __0printf                                0x08003d7d   Thumb Code    22  printfa.o(i.__0printf)
    __1printf                                0x08003d7d   Thumb Code     0  printfa.o(i.__0printf)
    __2printf                                0x08003d7d   Thumb Code     0  printfa.o(i.__0printf)
    __c89printf                              0x08003d7d   Thumb Code     0  printfa.o(i.__0printf)
    printf                                   0x08003d7d   Thumb Code     0  printfa.o(i.__0printf)
    __0sprintf                               0x08003d9d   Thumb Code    34  printfa.o(i.__0sprintf)
    __1sprintf                               0x08003d9d   Thumb Code     0  printfa.o(i.__0sprintf)
    __2sprintf                               0x08003d9d   Thumb Code     0  printfa.o(i.__0sprintf)
    __c89sprintf                             0x08003d9d   Thumb Code     0  printfa.o(i.__0sprintf)
    sprintf                                  0x08003d9d   Thumb Code     0  printfa.o(i.__0sprintf)
    __ARM_fpclassify                         0x08003dc5   Thumb Code    48  fpclassify.o(i.__ARM_fpclassify)
    __hardfp_asin                            0x08003df9   Thumb Code   770  asin.o(i.__hardfp_asin)
    __hardfp_cos                             0x08004159   Thumb Code   180  cos.o(i.__hardfp_cos)
    __hardfp_sin                             0x08004221   Thumb Code   180  sin.o(i.__hardfp_sin)
    __ieee754_rem_pio2                       0x080042e9   Thumb Code   938  rred.o(i.__ieee754_rem_pio2)
    __kernel_cos                             0x08004721   Thumb Code   322  cos_i.o(i.__kernel_cos)
    __kernel_poly                            0x08004891   Thumb Code   248  poly.o(i.__kernel_poly)
    __kernel_sin                             0x08004989   Thumb Code   280  sin_i.o(i.__kernel_sin)
    __mathlib_dbl_infnan                     0x08004ab9   Thumb Code    20  dunder.o(i.__mathlib_dbl_infnan)
    __mathlib_dbl_invalid                    0x08004ad1   Thumb Code    24  dunder.o(i.__mathlib_dbl_invalid)
    __mathlib_dbl_underflow                  0x08004af1   Thumb Code    24  dunder.o(i.__mathlib_dbl_underflow)
    __scatterload_copy                       0x08004b11   Thumb Code    14  handlers.o(i.__scatterload_copy)
    __scatterload_null                       0x08004b1f   Thumb Code     2  handlers.o(i.__scatterload_null)
    __scatterload_zeroinit                   0x08004b21   Thumb Code    14  handlers.o(i.__scatterload_zeroinit)
    __set_errno                              0x08004b31   Thumb Code     6  errno.o(i.__set_errno)
    fabs                                     0x080053d9   Thumb Code    24  fabs.o(i.fabs)
    fputc                                    0x080053f1   Thumb Code    40  inoutput.o(i.fputc)
    i2c_Delay                                0x0800541d   Thumb Code    14  iic.o(i.i2c_Delay)
    i2c_Long_Delay                           0x0800542b   Thumb Code    20  iic.o(i.i2c_Long_Delay)
    main                                     0x08005441   Thumb Code  4322  main.o(i.main)
    sqrt                                     0x0800658d   Thumb Code   110  sqrt.o(i.sqrt)
    Region$$Table$$Base                      0x080067b4   Number         0  anon$$obj.o(Region$$Table)
    Region$$Table$$Limit                     0x080067d4   Number         0  anon$$obj.o(Region$$Table)
    CurrentX                                 0x20000000   Data           2  main.o(.data)
    CurrentY                                 0x20000002   Data           2  main.o(.data)
    Print_Model                              0x20000004   Data           1  main.o(.data)
    Print_State                              0x20000005   Data           1  main.o(.data)
    Dhtout                                   0x20000008   Data           8  main.o(.data)
    Dhtdata                                  0x20000010   Data           5  main.o(.data)
    ang                                      0x20000016   Data           2  main.o(.data)
    Clock_Print_Model                        0x20000018   Data           1  main.o(.data)
    Rtctmp                                   0x20000019   Data           1  main.o(.data)
    RTC_TimeStructure                        0x2000001a   Data           4  main.o(.data)
    RTC_DateStructure                        0x2000001e   Data           4  main.o(.data)
    RCT_Tem_Time                             0x20000022   Data           8  main.o(.data)
    point_state                              0x2000002a   Data           1  main.o(.data)
    maxsoult                                 0x2000002c   Data           4  main.o(.data)
    RGB565color                              0x20000030   Data           2  main.o(.data)
    RGB888color                              0x20000034   Data           4  main.o(.data)
    touch_posit                              0x20000038   Data           4  main.o(.data)
    remote_rec                               0x2000003c   Data           1  main.o(.data)
    x2                                       0x2000003e   Data           2  main.o(.data)
    y2                                       0x20000040   Data           2  main.o(.data)
    SenState                                 0x20000044   Data           1  stm32f4xx_it.o(.data)
    times                                    0x20000046   Data           2  stm32f4xx_it.o(.data)
    times1                                   0x20000048   Data           2  stm32f4xx_it.o(.data)
    IC_Stase                                 0x2000004a   Data           1  stm32f4xx_it.o(.data)
    IC_LandH                                 0x2000004b   Data           1  stm32f4xx_it.o(.data)
    IC_CNT                                   0x2000004c   Data           2  stm32f4xx_it.o(.data)
    IC_Remote_state                          0x2000004e   Data           1  stm32f4xx_it.o(.data)
    IC_Remote_Read                           0x20000050   Data           4  stm32f4xx_it.o(.data)
    q                                        0x20000054   Data           1  mpu9250.o(.data)
    __stdout                                 0x20000068   Data           4  stdout.o(.data)
    str                                      0x20000070   Data          20  main.o(.bss)
    dhtsoult                                 0x20000084   Data          20  main.o(.bss)
    MPUANG                                   0x20000098   Data          24  main.o(.bss)
    value_buf                                0x200000b0   Data          18  mpu9250.o(.bss)
    __initial_sp                             0x200004c8   Data           0  startup_stm32f40xx.o(STACK)



==============================================================================

Memory Map of the image

  Image Entry point : 0x0800019d

  Load Region LR_1 (Base: 0x08000000, Size: 0x00006844, Max: 0xffffffff, ABSOLUTE)

    Execution Region ER_RO (Base: 0x08000000, Size: 0x000067d4, Max: 0xffffffff, ABSOLUTE)

    Base Addr    Size         Type   Attr      Idx    E Section Name        Object

    0x08000000   0x00000188   Data   RO            3    RESET               startup_stm32f40xx.o
    0x08000188   0x00000000   Code   RO         5988  * .ARM.Collect$$$$00000000  mc_w.l(entry.o)
    0x08000188   0x00000004   Code   RO         6326    .ARM.Collect$$$$00000001  mc_w.l(entry2.o)
    0x0800018c   0x00000004   Code   RO         6329    .ARM.Collect$$$$00000004  mc_w.l(entry5.o)
    0x08000190   0x00000000   Code   RO         6331    .ARM.Collect$$$$00000008  mc_w.l(entry7b.o)
    0x08000190   0x00000000   Code   RO         6333    .ARM.Collect$$$$0000000A  mc_w.l(entry8b.o)
    0x08000190   0x00000008   Code   RO         6334    .ARM.Collect$$$$0000000B  mc_w.l(entry9a.o)
    0x08000198   0x00000000   Code   RO         6336    .ARM.Collect$$$$0000000D  mc_w.l(entry10a.o)
    0x08000198   0x00000000   Code   RO         6338    .ARM.Collect$$$$0000000F  mc_w.l(entry11a.o)
    0x08000198   0x00000004   Code   RO         6327    .ARM.Collect$$$$00002712  mc_w.l(entry2.o)
    0x0800019c   0x00000024   Code   RO            4  * .text               startup_stm32f40xx.o
    0x080001c0   0x00000024   Code   RO         5991    .text               mc_w.l(memseta.o)
    0x080001e4   0x0000014e   Code   RO         6254    .text               mf_w.l(dadd.o)
    0x08000332   0x000000e4   Code   RO         6256    .text               mf_w.l(dmul.o)
    0x08000416   0x000000de   Code   RO         6258    .text               mf_w.l(ddiv.o)
    0x080004f4   0x00000022   Code   RO         6260    .text               mf_w.l(dflti.o)
    0x08000516   0x0000001a   Code   RO         6262    .text               mf_w.l(dfltui.o)
    0x08000530   0x0000003e   Code   RO         6264    .text               mf_w.l(dfixi.o)
    0x0800056e   0x00000032   Code   RO         6266    .text               mf_w.l(dfixui.o)
    0x080005a0   0x00000026   Code   RO         6268    .text               mf_w.l(f2d.o)
    0x080005c6   0x00000002   PAD
    0x080005c8   0x00000030   Code   RO         6270    .text               mf_w.l(cdcmple.o)
    0x080005f8   0x00000030   Code   RO         6272    .text               mf_w.l(cdrcmple.o)
    0x08000628   0x00000038   Code   RO         6274    .text               mf_w.l(d2f.o)
    0x08000660   0x0000002c   Code   RO         6341    .text               mc_w.l(uidiv.o)
    0x0800068c   0x00000062   Code   RO         6343    .text               mc_w.l(uldiv.o)
    0x080006ee   0x0000001e   Code   RO         6345    .text               mc_w.l(llshl.o)
    0x0800070c   0x00000020   Code   RO         6347    .text               mc_w.l(llushr.o)
    0x0800072c   0x00000024   Code   RO         6349    .text               mc_w.l(llsshr.o)
    0x08000750   0x00000000   Code   RO         6358    .text               mc_w.l(iusefp.o)
    0x08000750   0x0000006e   Code   RO         6359    .text               mf_w.l(fepilogue.o)
    0x080007be   0x000000ba   Code   RO         6361    .text               mf_w.l(depilogue.o)
    0x08000878   0x00000030   Code   RO         6365    .text               mf_w.l(dfixul.o)
    0x080008a8   0x00000024   Code   RO         6367    .text               mc_w.l(init.o)
    0x080008cc   0x000000a2   Code   RO         6369    .text               mf_w.l(dsqrt.o)
    0x0800096e   0x00000002   PAD
    0x08000970   0x00000044   Code   RO          483    i.Ask_Signal        iic.o
    0x080009b4   0x00000008   Code   RO          210    i.BusFault_Handler  stm32f4xx_it.o
    0x080009bc   0x000000c8   Code   RO          573    i.DHT12_Deal_Tem_Hum  dht12.o
    0x08000a84   0x00000062   Code   RO          574    i.DHT12_Read_       dht12.o
    0x08000ae6   0x00000008   Code   RO          211    i.DebugMon_Handler  stm32f4xx_it.o
    0x08000aee   0x00000066   Code   RO          687    i.FSMC_Conf         fsmc.o
    0x08000b54   0x00000208   Code   RO          688    i.FSMC_GPIO_Conf    fsmc.o
    0x08000d5c   0x00000034   Code   RO         2899    i.FSMC_NORSRAMCmd   stm32f4xx_fsmc.o
    0x08000d90   0x00000124   Code   RO         2901    i.FSMC_NORSRAMInit  stm32f4xx_fsmc.o
    0x08000eb4   0x00000090   Code   RO         3024    i.GPIO_Init         stm32f4xx_gpio.o
    0x08000f44   0x00000046   Code   RO         3025    i.GPIO_PinAFConfig  stm32f4xx_gpio.o
    0x08000f8a   0x00000012   Code   RO         3028    i.GPIO_ReadInputDataBit  stm32f4xx_gpio.o
    0x08000f9c   0x00000004   Code   RO         3031    i.GPIO_ResetBits    stm32f4xx_gpio.o
    0x08000fa0   0x00000004   Code   RO         3032    i.GPIO_SetBits      stm32f4xx_gpio.o
    0x08000fa4   0x00000034   Code   RO         1042    i.General_TIM_Conf  tim.o
    0x08000fd8   0x00000018   Code   RO         1043    i.General_TIM_Delay_ms  tim.o
    0x08000ff0   0x0000002c   Code   RO         1044    i.General_TIM_Init  tim.o
    0x0800101c   0x0000002a   Code   RO         1045    i.General_TIM_NVIC_Conf  tim.o
    0x08001046   0x0000009e   Code   RO         1213    i.HOST_Send_32bit   host.o
    0x080010e4   0x00000098   Code   RO         1214    i.HOST_Send_float   host.o
    0x0800117c   0x00000058   Code   RO         1109    i.HX1838_Deal_Data  hx1838.o
    0x080011d4   0x00000058   Code   RO         1110    i.HX1838_REC_Data   hx1838.o
    0x0800122c   0x00000008   Code   RO          212    i.HardFault_Handler  stm32f4xx_it.o
    0x08001234   0x00000050   Code   RO          484    i.I2C_Read_Byte     iic.o
    0x08001284   0x00000028   Code   RO          485    i.I2C_SDA_IN        iic.o
    0x080012ac   0x0000002c   Code   RO          486    i.I2C_SDA_OUT       iic.o
    0x080012d8   0x00000068   Code   RO          487    i.I2C_Write_Byte    iic.o
    0x08001340   0x0000005c   Code   RO         1046    i.IC_TIM_Conf       tim.o
    0x0800139c   0x0000003c   Code   RO         1047    i.IC_TIM_GPIO_Conf  tim.o
    0x080013d8   0x00000030   Code   RO         1048    i.IC_TIM_Init       tim.o
    0x08001408   0x00000028   Code   RO         1049    i.IC_TIM_NVIC_Conf  tim.o
    0x08001430   0x0000006c   Code   RO          488    i.IIC_CONF          iic.o
    0x0800149c   0x00000024   Code   RO          774    i.ILI9341_BackLight  ili9341.o
    0x080014c0   0x000002b0   Code   RO          775    i.ILI9341_Default   ili9341.o
    0x08001770   0x0000000c   Code   RO          776    i.ILI9341_Delay     ili9341.o
    0x0800177c   0x00000026   Code   RO          777    i.ILI9341_Draw_Point  ili9341.o
    0x080017a2   0x00000002   PAD
    0x080017a4   0x000000f4   Code   RO          778    i.ILI9341_Drew_Line  ili9341.o
    0x08001898   0x00000046   Code   RO          779    i.ILI9341_Drew_Rec  ili9341.o
    0x080018de   0x00000002   PAD
    0x080018e0   0x00000034   Code   RO          780    i.ILI9341_GPIO_Conf  ili9341.o
    0x08001914   0x0000001a   Code   RO          781    i.ILI9341_Init      ili9341.o
    0x0800192e   0x00000002   PAD
    0x08001930   0x00000038   Code   RO          782    i.ILI9341_Last_Win  ili9341.o
    0x08001968   0x00000016   Code   RO          783    i.ILI9341_Line_Print  ili9341.o
    0x0800197e   0x00000002   PAD
    0x08001980   0x00000038   Code   RO          784    i.ILI9341_Next_Win  ili9341.o
    0x080019b8   0x00000046   Code   RO          785    i.ILI9341_Open_Windows  ili9341.o
    0x080019fe   0x000000b0   Code   RO          786    i.ILI9341_Print_ASChar  ili9341.o
    0x08001aae   0x000000f0   Code   RO          787    i.ILI9341_Print_GBChar  ili9341.o
    0x08001b9e   0x00000002   PAD
    0x08001ba0   0x000000a4   Code   RO          788    i.ILI9341_Print_Str  ili9341.o
    0x08001c44   0x00000008   Code   RO          789    i.ILI9341_Write_Command  ili9341.o
    0x08001c4c   0x0000000c   Code   RO          790    i.ILI9341_Write_Data  ili9341.o
    0x08001c58   0x00000014   Code   RO          792    i.ILI9431_Drew_All_Bak  ili9341.o
    0x08001c6c   0x00000014   Code   RO          306    i.LED1_ON           led.o
    0x08001c80   0x00000014   Code   RO          307    i.LED2_ON           led.o
    0x08001c94   0x00000068   Code   RO          308    i.LED_GPIO_Conf     led.o
    0x08001cfc   0x0000001c   Code   RO          309    i.LED_OFF           led.o
    0x08001d18   0x0000001c   Code   RO          310    i.LED_ON_OFF        led.o
    0x08001d34   0x00000070   Code   RO          720    i.MAX6675_AVE       max6675.o
    0x08001da4   0x00000058   Code   RO          721    i.MAX6675_DealData  max6675.o
    0x08001dfc   0x00000024   Code   RO          722    i.MAX6675_ReadData  max6675.o
    0x08001e20   0x00000060   Code   RO          723    i.MAX6675_SPI_Conf  max6675.o
    0x08001e80   0x000000a0   Code   RO          724    i.MAX6675_SPI_GPIO_Conf  max6675.o
    0x08001f20   0x00000038   Code   RO          725    i.MAX6675_SPI_Read_Write  max6675.o
    0x08001f58   0x00000024   Code   RO         1140    i.MPU9250_Cal_Accel  mpu9250.o
    0x08001f7c   0x0000008c   Code   RO         1141    i.MPU9250_Get_Angle  mpu9250.o
    0x08002008   0x0000002c   Code   RO         1142    i.MPU9250_Init      mpu9250.o
    0x08002034   0x00000064   Code   RO         1143    i.MPU9250_Offset    mpu9250.o
    0x08002098   0x0000006c   Code   RO         1144    i.MPU9250_Read      mpu9250.o
    0x08002104   0x00000056   Code   RO         1145    i.MPU9250_Write     mpu9250.o
    0x0800215a   0x00000010   Code   RO         1146    i.MPU9250_Write_Byte  mpu9250.o
    0x0800216a   0x00000002   PAD
    0x0800216c   0x00000054   Code   RO         1147    i.MPU9250_filter    mpu9250.o
    0x080021c0   0x00000008   Code   RO          213    i.MemManage_Handler  stm32f4xx_it.o
    0x080021c8   0x00000038   Code   RO          489    i.NAsk_Signal       iic.o
    0x08002200   0x00000008   Code   RO          214    i.NMI_Handler       stm32f4xx_it.o
    0x08002208   0x00000078   Code   RO         1284    i.NVIC_Init         misc.o
    0x08002280   0x00000014   Code   RO         1285    i.NVIC_PriorityGroupConfig  misc.o
    0x08002294   0x0000000c   Code   RO         3614    i.PWR_BackupAccessCmd  stm32f4xx_pwr.o
    0x080022a0   0x00000008   Code   RO          215    i.PendSV_Handler    stm32f4xx_it.o
    0x080022a8   0x00000020   Code   RO         3749    i.RCC_AHB1PeriphClockCmd  stm32f4xx_rcc.o
    0x080022c8   0x00000020   Code   RO         3755    i.RCC_AHB3PeriphClockCmd  stm32f4xx_rcc.o
    0x080022e8   0x00000020   Code   RO         3758    i.RCC_APB1PeriphClockCmd  stm32f4xx_rcc.o
    0x08002308   0x00000020   Code   RO         3761    i.RCC_APB2PeriphClockCmd  stm32f4xx_rcc.o
    0x08002328   0x000000e8   Code   RO         3770    i.RCC_GetClocksFreq  stm32f4xx_rcc.o
    0x08002410   0x00000040   Code   RO         3771    i.RCC_GetFlagStatus  stm32f4xx_rcc.o
    0x08002450   0x0000002c   Code   RO         3779    i.RCC_LSEConfig     stm32f4xx_rcc.o
    0x0800247c   0x0000000c   Code   RO         3793    i.RCC_RTCCLKCmd     stm32f4xx_rcc.o
    0x08002488   0x0000003c   Code   RO         3794    i.RCC_RTCCLKConfig  stm32f4xx_rcc.o
    0x080024c4   0x0000001e   Code   RO          794    i.RGB888ToRGB565    ili9341.o
    0x080024e2   0x00000016   Code   RO         4156    i.RTC_Bcd2ToByte    stm32f4xx_rtc.o
    0x080024f8   0x0000001c   Code   RO         4158    i.RTC_ByteToBcd2    stm32f4xx_rtc.o
    0x08002514   0x00000048   Code   RO          354    i.RTC_Conf          rtc.o
    0x0800255c   0x00000050   Code   RO         4168    i.RTC_EnterInitMode  stm32f4xx_rtc.o
    0x080025ac   0x00000014   Code   RO         4169    i.RTC_ExitInitMode  stm32f4xx_rtc.o
    0x080025c0   0x0000004c   Code   RO         4172    i.RTC_GetDate       stm32f4xx_rtc.o
    0x0800260c   0x00000050   Code   RO         4177    i.RTC_GetTime       stm32f4xx_rtc.o
    0x0800265c   0x00000064   Code   RO         4182    i.RTC_Init          stm32f4xx_rtc.o
    0x080026c0   0x00000020   Code   RO         4185    i.RTC_ReadBackupRegister  stm32f4xx_rtc.o
    0x080026e0   0x000000c8   Code   RO         4188    i.RTC_SetDate       stm32f4xx_rtc.o
    0x080027a8   0x000000d0   Code   RO         4189    i.RTC_SetTime       stm32f4xx_rtc.o
    0x08002878   0x0000004e   Code   RO          355    i.RTC_Set_Time      rtc.o
    0x080028c6   0x00000052   Code   RO          356    i.RTC_UserInit      rtc.o
    0x08002918   0x00000060   Code   RO         4205    i.RTC_WaitForSynchro  stm32f4xx_rtc.o
    0x08002978   0x0000001c   Code   RO         4208    i.RTC_WriteBackupRegister  stm32f4xx_rtc.o
    0x08002994   0x00000018   Code   RO         4907    i.SPI_Cmd           stm32f4xx_spi.o
    0x080029ac   0x00000012   Code   RO         4915    i.SPI_I2S_GetFlagStatus  stm32f4xx_spi.o
    0x080029be   0x00000006   Code   RO         4918    i.SPI_I2S_ReceiveData  stm32f4xx_spi.o
    0x080029c4   0x00000004   Code   RO         4919    i.SPI_I2S_SendData  stm32f4xx_spi.o
    0x080029c8   0x0000003c   Code   RO         4920    i.SPI_Init          stm32f4xx_spi.o
    0x08002a04   0x00000008   Code   RO          216    i.SVC_Handler       stm32f4xx_it.o
    0x08002a0c   0x00000034   Code   RO           13    i.SYSTEM_Init       main.o
    0x08002a40   0x000000ec   Code   RO         1243    i.SetSysClock       system_stm32f4xx.o
    0x08002b2c   0x00000038   Code   RO          490    i.Start_Signal      iic.o
    0x08002b64   0x00000038   Code   RO          491    i.Stop_Signal       iic.o
    0x08002b9c   0x00000008   Code   RO          217    i.SysTick_Handler   stm32f4xx_it.o
    0x08002ba4   0x00000068   Code   RO         1245    i.SystemInit        system_stm32f4xx.o
    0x08002c0c   0x00000026   Code   RO          603    i.TCS3472_Enable    tcs3472.o
    0x08002c32   0x00000022   Code   RO          604    i.TCS3472_Get_Conv_Status  tcs3472.o
    0x08002c54   0x0000001a   Code   RO          605    i.TCS3472_Init      tcs3472.o
    0x08002c6e   0x0000006e   Code   RO          606    i.TCS3472_Read_     tcs3472.o
    0x08002cdc   0x00000118   Code   RO          607    i.TCS3472_Read_Deal  tcs3472.o
    0x08002df4   0x00000058   Code   RO          608    i.TCS3472_Read_RGBData  tcs3472.o
    0x08002e4c   0x0000000e   Code   RO          609    i.TCS3472_Set_AGAIN  tcs3472.o
    0x08002e5a   0x0000000e   Code   RO          610    i.TCS3472_Set_ATIME  tcs3472.o
    0x08002e68   0x0000000e   Code   RO          611    i.TCS3472_Set_WTIME  tcs3472.o
    0x08002e76   0x00000054   Code   RO          613    i.TCS3472_Write_    tcs3472.o
    0x08002eca   0x0000003a   Code   RO         5129    i.TI1_Config        stm32f4xx_tim.o
    0x08002f04   0x00000050   Code   RO         5130    i.TI2_Config        stm32f4xx_tim.o
    0x08002f54   0x00000048   Code   RO         5131    i.TI3_Config        stm32f4xx_tim.o
    0x08002f9c   0x00000050   Code   RO         5132    i.TI4_Config        stm32f4xx_tim.o
    0x08002fec   0x000000f8   Code   RO          218    i.TIM1_BRK_TIM9_IRQHandler  stm32f4xx_it.o
    0x080030e4   0x000000b4   Code   RO          219    i.TIM8_UP_TIM13_IRQHandler  stm32f4xx_it.o
    0x08003198   0x00000006   Code   RO         5140    i.TIM_ClearITPendingBit  stm32f4xx_tim.o
    0x0800319e   0x00000018   Code   RO         5145    i.TIM_Cmd           stm32f4xx_tim.o
    0x080031b6   0x00000006   Code   RO         5160    i.TIM_GetCapture1   stm32f4xx_tim.o
    0x080031bc   0x00000022   Code   RO         5166    i.TIM_GetITStatus   stm32f4xx_tim.o
    0x080031de   0x0000006e   Code   RO         5168    i.TIM_ICInit        stm32f4xx_tim.o
    0x0800324c   0x00000012   Code   RO         5170    i.TIM_ITConfig      stm32f4xx_tim.o
    0x0800325e   0x00000012   Code   RO         5176    i.TIM_OC1PolarityConfig  stm32f4xx_tim.o
    0x08003270   0x00000004   Code   RO         5211    i.TIM_SetCounter    stm32f4xx_tim.o
    0x08003274   0x00000012   Code   RO         5212    i.TIM_SetIC1Prescaler  stm32f4xx_tim.o
    0x08003286   0x0000001a   Code   RO         5213    i.TIM_SetIC2Prescaler  stm32f4xx_tim.o
    0x080032a0   0x00000012   Code   RO         5214    i.TIM_SetIC3Prescaler  stm32f4xx_tim.o
    0x080032b2   0x0000001a   Code   RO         5215    i.TIM_SetIC4Prescaler  stm32f4xx_tim.o
    0x080032cc   0x00000084   Code   RO         5217    i.TIM_TimeBaseInit  stm32f4xx_tim.o
    0x08003350   0x0000015c   Code   RO          981    i.TSC2046_Applic    tsc2046.o
    0x080034ac   0x000000a4   Code   RO          982    i.TSC2046_Ave_Value  tsc2046.o
    0x08003550   0x000000c0   Code   RO          983    i.TSC2046_Calculate_XY  tsc2046.o
    0x08003610   0x0000001c   Code   RO          985    i.TSC2046_DelayUS   tsc2046.o
    0x0800362c   0x000000b8   Code   RO          986    i.TSC2046_SoftSPI_GPIO_Conf  tsc2046.o
    0x080036e4   0x00000114   Code   RO          987    i.TSC2046_Write_Read  tsc2046.o
    0x080037f8   0x00000002   Code   RO          220    i.USART1_IRQHandler  stm32f4xx_it.o
    0x080037fa   0x00000012   Code   RO         5695    i.USART_ClearFlag   stm32f4xx_usart.o
    0x0800380c   0x00000018   Code   RO         5699    i.USART_Cmd         stm32f4xx_usart.o
    0x08003824   0x00000038   Code   RO          393    i.USART_Conf        usart.o
    0x0800385c   0x00000070   Code   RO          394    i.USART_GPIO_Conf   usart.o
    0x080038cc   0x0000001a   Code   RO         5702    i.USART_GetFlagStatus  stm32f4xx_usart.o
    0x080038e6   0x00000002   PAD
    0x080038e8   0x000000d4   Code   RO         5706    i.USART_Init        stm32f4xx_usart.o
    0x080039bc   0x00000008   Code   RO         5716    i.USART_SendData    stm32f4xx_usart.o
    0x080039c4   0x00000020   Code   RO          397    i.USART_Send_Byte   usart.o
    0x080039e4   0x0000001c   Code   RO          398    i.USART_Send_NByte  usart.o
    0x08003a00   0x00000020   Code   RO          399    i.USART_User_Init   usart.o
    0x08003a20   0x00000008   Code   RO          221    i.UsageFault_Handler  stm32f4xx_it.o
    0x08003a28   0x000000c0   Code   RO          919    i.W25Q16_GPIO_Conf  w25q16.o
    0x08003ae8   0x00000070   Code   RO          920    i.W25Q16_Read_Byte  w25q16.o
    0x08003b58   0x00000038   Code   RO          921    i.W25Q16_Read_Write  w25q16.o
    0x08003b90   0x00000070   Code   RO          922    i.W25Q16_SPI_Conf   w25q16.o
    0x08003c00   0x0000005c   Code   RO          923    i.W25Q16_Sector_Erase  w25q16.o
    0x08003c5c   0x00000038   Code   RO          924    i.W25Q16_Wait       w25q16.o
    0x08003c94   0x00000074   Code   RO          925    i.W25Q16_Write_Byte  w25q16.o
    0x08003d08   0x00000028   Code   RO          926    i.W25Q16_Write_Enable  w25q16.o
    0x08003d30   0x0000004c   Code   RO          492    i.Wait_Ask          iic.o
    0x08003d7c   0x00000020   Code   RO         6226    i.__0printf         mc_w.l(printfa.o)
    0x08003d9c   0x00000028   Code   RO         6228    i.__0sprintf        mc_w.l(printfa.o)
    0x08003dc4   0x00000030   Code   RO         6299    i.__ARM_fpclassify  m_wm.l(fpclassify.o)
    0x08003df4   0x00000004   PAD
    0x08003df8   0x00000360   Code   RO         5950    i.__hardfp_asin     m_wm.l(asin.o)
    0x08004158   0x000000c8   Code   RO         5964    i.__hardfp_cos      m_wm.l(cos.o)
    0x08004220   0x000000c8   Code   RO         5976    i.__hardfp_sin      m_wm.l(sin.o)
    0x080042e8   0x00000438   Code   RO         6303    i.__ieee754_rem_pio2  m_wm.l(rred.o)
    0x08004720   0x00000170   Code   RO         6276    i.__kernel_cos      m_wm.l(cos_i.o)
    0x08004890   0x000000f8   Code   RO         6301    i.__kernel_poly     m_wm.l(poly.o)
    0x08004988   0x00000130   Code   RO         6308    i.__kernel_sin      m_wm.l(sin_i.o)
    0x08004ab8   0x00000014   Code   RO         6280    i.__mathlib_dbl_infnan  m_wm.l(dunder.o)
    0x08004acc   0x00000004   PAD
    0x08004ad0   0x00000020   Code   RO         6282    i.__mathlib_dbl_invalid  m_wm.l(dunder.o)
    0x08004af0   0x00000020   Code   RO         6285    i.__mathlib_dbl_underflow  m_wm.l(dunder.o)
    0x08004b10   0x0000000e   Code   RO         6373    i.__scatterload_copy  mc_w.l(handlers.o)
    0x08004b1e   0x00000002   Code   RO         6374    i.__scatterload_null  mc_w.l(handlers.o)
    0x08004b20   0x0000000e   Code   RO         6375    i.__scatterload_zeroinit  mc_w.l(handlers.o)
    0x08004b2e   0x00000002   PAD
    0x08004b30   0x0000000c   Code   RO         6353    i.__set_errno       mc_w.l(errno.o)
    0x08004b3c   0x00000164   Code   RO         6233    i._fp_digits        mc_w.l(printfa.o)
    0x08004ca0   0x000006dc   Code   RO         6234    i._printf_core      mc_w.l(printfa.o)
    0x0800537c   0x00000024   Code   RO         6235    i._printf_post_padding  mc_w.l(printfa.o)
    0x080053a0   0x0000002e   Code   RO         6236    i._printf_pre_padding  mc_w.l(printfa.o)
    0x080053ce   0x0000000a   Code   RO         6238    i._sputc            mc_w.l(printfa.o)
    0x080053d8   0x00000018   Code   RO         6295    i.fabs              m_wm.l(fabs.o)
    0x080053f0   0x0000002c   Code   RO          454    i.fputc             inoutput.o
    0x0800541c   0x0000000e   Code   RO          493    i.i2c_Delay         iic.o
    0x0800542a   0x00000014   Code   RO          494    i.i2c_Long_Delay    iic.o
    0x0800543e   0x00000002   PAD
    0x08005440   0x0000114c   Code   RO           14    i.main              main.o
    0x0800658c   0x0000006e   Code   RO         6316    i.sqrt              m_wm.l(sqrt.o)
    0x080065fa   0x00000006   PAD
    0x08006600   0x00000050   Data   RO         5953    .constdata          m_wm.l(asin.o)
    0x08006650   0x00000030   Data   RO         6277    .constdata          m_wm.l(cos_i.o)
    0x08006680   0x000000c8   Data   RO         6305    .constdata          m_wm.l(rred.o)
    0x08006748   0x00000028   Data   RO         6309    .constdata          m_wm.l(sin_i.o)
    0x08006770   0x00000043   Data   RO           16    .conststring        main.o
    0x080067b3   0x00000001   PAD
    0x080067b4   0x00000020   Data   RO         6371    Region$$Table       anon$$obj.o


    Execution Region ER_RW (Base: 0x20000000, Size: 0x00000070, Max: 0xffffffff, ABSOLUTE)

    Base Addr    Size         Type   Attr      Idx    E Section Name        Object

    0x20000000   0x00000042   Data   RW           17    .data               main.o
    0x20000042   0x00000002   PAD
    0x20000044   0x00000010   Data   RW          222    .data               stm32f4xx_it.o
    0x20000054   0x00000001   Data   RW         1149    .data               mpu9250.o
    0x20000055   0x00000010   Data   RW         3802    .data               stm32f4xx_rcc.o
    0x20000065   0x00000003   PAD
    0x20000068   0x00000004   Data   RW         6340    .data               mc_w.l(stdout.o)
    0x2000006c   0x00000004   Data   RW         6354    .data               mc_w.l(errno.o)


    Execution Region ER_ZI (Base: 0x20000070, Size: 0x00000458, Max: 0xffffffff, ABSOLUTE)

    Base Addr    Size         Type   Attr      Idx    E Section Name        Object

    0x20000070   0x00000040   Zero   RW           15    .bss                main.o
    0x200000b0   0x00000012   Zero   RW         1148    .bss                mpu9250.o
    0x200000c2   0x00000006   PAD
    0x200000c8   0x00000400   Zero   RW            1    STACK               startup_stm32f40xx.o


==============================================================================

Image component sizes


      Code (inc. data)   RO Data    RW Data    ZI Data      Debug   Object Name

       298          4          0          0          0       1835   dht12.o
       622         16          0          0          0       1393   fsmc.o
       310          0          0          0          0       1600   host.o
       176         12          0          0          0       1325   hx1838.o
       722         48          0          0          0       6391   iic.o
      2020         56          0          0          0      13768   ili9341.o
        44          4          0          0          0        612   inoutput.o
       200         20          0          0          0       2415   led.o
      4480        998         67         66         64     330224   main.o
       548         38          0          0          0       3916   max6675.o
       140         24          0          0          0       1735   misc.o
       614         52          0          1         18       6803   mpu9250.o
       232          0          0          0          0       1941   rtc.o
        36          8        392          0       1024        952   startup_stm32f40xx.o
       344         16          0          0          0       2201   stm32f4xx_fsmc.o
       240          0          0          0          0       3891   stm32f4xx_gpio.o
       502         42          0         16          0       6512   stm32f4xx_it.o
        12          6          0          0          0        590   stm32f4xx_pwr.o
       540         66          0         16          0       8191   stm32f4xx_rcc.o
       970         66          0          0          0       9446   stm32f4xx_rtc.o
       112          0          0          0          0       3862   stm32f4xx_spi.o
       730         28          0          0          0      12362   stm32f4xx_tim.o
       288          8          0          0          0       4202   stm32f4xx_usart.o
       340         32          0          0          0       1853   system_stm32f4xx.o
       702         10          0          0          0       6662   tcs3472.o
       402         32          0          0          0       4259   tim.o
      1192         82          0          0          0       5033   tsc2046.o
       260         16          0          0          0       3046   usart.o
       776         44          0          0          0       5167   w25q16.o

    ----------------------------------------------------------------------
     17868       1728        492        104       1112     452187   Object Totals
         0          0         32          0          0          0   (incl. Generated)
        16          0          1          5          6          0   (incl. Padding)

    ----------------------------------------------------------------------

      Code (inc. data)   RO Data    RW Data    ZI Data      Debug   Library Member Name

       864         94         80          0          0        280   asin.o
       200         20          0          0          0        164   cos.o
       368         46         48          0          0        200   cos_i.o
        84         16          0          0          0        372   dunder.o
        24          0          0          0          0        124   fabs.o
        48          0          0          0          0        124   fpclassify.o
       248          0          0          0          0        152   poly.o
      1080        142        200          0          0        188   rred.o
       200         20          0          0          0        164   sin.o
       304         24         40          0          0        208   sin_i.o
       110          0          0          0          0        148   sqrt.o
         0          0          0          0          0          0   entry.o
         0          0          0          0          0          0   entry10a.o
         0          0          0          0          0          0   entry11a.o
         8          4          0          0          0          0   entry2.o
         4          0          0          0          0          0   entry5.o
         0          0          0          0          0          0   entry7b.o
         0          0          0          0          0          0   entry8b.o
         8          4          0          0          0          0   entry9a.o
        12          6          0          4          0         68   errno.o
        30          0          0          0          0          0   handlers.o
        36          8          0          0          0         68   init.o
         0          0          0          0          0          0   iusefp.o
        30          0          0          0          0         68   llshl.o
        36          0          0          0          0         68   llsshr.o
        32          0          0          0          0         68   llushr.o
        36          0          0          0          0        108   memseta.o
      2276         96          0          0          0        596   printfa.o
         0          0          0          4          0          0   stdout.o
        44          0          0          0          0         80   uidiv.o
        98          0          0          0          0         92   uldiv.o
        48          0          0          0          0         68   cdcmple.o
        48          0          0          0          0         68   cdrcmple.o
        56          0          0          0          0         88   d2f.o
       334          0          0          0          0        148   dadd.o
       222          0          0          0          0        100   ddiv.o
       186          0          0          0          0        176   depilogue.o
        62          0          0          0          0         80   dfixi.o
        50          0          0          0          0         76   dfixui.o
        48          0          0          0          0         68   dfixul.o
        34          0          0          0          0         76   dflti.o
        26          0          0          0          0         76   dfltui.o
       228          0          0          0          0         96   dmul.o
       162          0          0          0          0        100   dsqrt.o
        38          0          0          0          0         68   f2d.o
       110          0          0          0          0        168   fepilogue.o

    ----------------------------------------------------------------------
      7852        480        368          8          0       4796   Library Totals
        20          0          0          0          0          0   (incl. Padding)

    ----------------------------------------------------------------------

      Code (inc. data)   RO Data    RW Data    ZI Data      Debug   Library Name

      3530        362        368          0          0       2124   m_wm.l
      2650        118          0          8          0       1216   mc_w.l
      1652          0          0          0          0       1456   mf_w.l

    ----------------------------------------------------------------------
      7852        480        368          8          0       4796   Library Totals

    ----------------------------------------------------------------------

==============================================================================


      Code (inc. data)   RO Data    RW Data    ZI Data      Debug   

     25720       2208        860        112       1112     437983   Grand Totals
     25720       2208        860        112       1112     437983   ELF Image Totals
     25720       2208        860        112          0          0   ROM Totals

==============================================================================

    Total RO  Size (Code + RO Data)                26580 (  25.96kB)
    Total RW  Size (RW Data + ZI Data)              1224 (   1.20kB)
    Total ROM Size (Code + RO Data + RW Data)      26692 (  26.07kB)

==============================================================================

